Archive member included to satisfy reference by file (symbol)

D:/STM32CubeIDE/STM32CubeCLT_1.18.0/GNU-tools-for-STM32/bin/../lib/gcc/arm-none-eabi/13.3.1/../../../../arm-none-eabi/lib/thumb/v6-m/nofp\libc_nano.a(libc_a-exit.o)
                              D:/STM32CubeIDE/STM32CubeCLT_1.18.0/GNU-tools-for-STM32/bin/../lib/gcc/arm-none-eabi/13.3.1/../../../../arm-none-eabi/lib/thumb/v6-m/nofp/crt0.o (exit)
D:/STM32CubeIDE/STM32CubeCLT_1.18.0/GNU-tools-for-STM32/bin/../lib/gcc/arm-none-eabi/13.3.1/../../../../arm-none-eabi/lib/thumb/v6-m/nofp\libc_nano.a(libc_a-findfp.o)
                              D:/STM32CubeIDE/STM32CubeCLT_1.18.0/GNU-tools-for-STM32/bin/../lib/gcc/arm-none-eabi/13.3.1/../../../../arm-none-eabi/lib/thumb/v6-m/nofp\libc_nano.a(libc_a-exit.o) (__stdio_exit_handler)
D:/STM32CubeIDE/STM32CubeCLT_1.18.0/GNU-tools-for-STM32/bin/../lib/gcc/arm-none-eabi/13.3.1/../../../../arm-none-eabi/lib/thumb/v6-m/nofp\libc_nano.a(libc_a-fwalk.o)
                              D:/STM32CubeIDE/STM32CubeCLT_1.18.0/GNU-tools-for-STM32/bin/../lib/gcc/arm-none-eabi/13.3.1/../../../../arm-none-eabi/lib/thumb/v6-m/nofp\libc_nano.a(libc_a-findfp.o) (_fwalk_sglue)
D:/STM32CubeIDE/STM32CubeCLT_1.18.0/GNU-tools-for-STM32/bin/../lib/gcc/arm-none-eabi/13.3.1/../../../../arm-none-eabi/lib/thumb/v6-m/nofp\libc_nano.a(libc_a-stdio.o)
                              D:/STM32CubeIDE/STM32CubeCLT_1.18.0/GNU-tools-for-STM32/bin/../lib/gcc/arm-none-eabi/13.3.1/../../../../arm-none-eabi/lib/thumb/v6-m/nofp\libc_nano.a(libc_a-findfp.o) (__sread)
D:/STM32CubeIDE/STM32CubeCLT_1.18.0/GNU-tools-for-STM32/bin/../lib/gcc/arm-none-eabi/13.3.1/../../../../arm-none-eabi/lib/thumb/v6-m/nofp\libc_nano.a(libc_a-memset.o)
                              D:/STM32CubeIDE/STM32CubeCLT_1.18.0/GNU-tools-for-STM32/bin/../lib/gcc/arm-none-eabi/13.3.1/../../../../arm-none-eabi/lib/thumb/v6-m/nofp/crt0.o (memset)
D:/STM32CubeIDE/STM32CubeCLT_1.18.0/GNU-tools-for-STM32/bin/../lib/gcc/arm-none-eabi/13.3.1/../../../../arm-none-eabi/lib/thumb/v6-m/nofp\libc_nano.a(libc_a-closer.o)
                              D:/STM32CubeIDE/STM32CubeCLT_1.18.0/GNU-tools-for-STM32/bin/../lib/gcc/arm-none-eabi/13.3.1/../../../../arm-none-eabi/lib/thumb/v6-m/nofp\libc_nano.a(libc_a-stdio.o) (_close_r)
D:/STM32CubeIDE/STM32CubeCLT_1.18.0/GNU-tools-for-STM32/bin/../lib/gcc/arm-none-eabi/13.3.1/../../../../arm-none-eabi/lib/thumb/v6-m/nofp\libc_nano.a(libc_a-reent.o)
                              D:/STM32CubeIDE/STM32CubeCLT_1.18.0/GNU-tools-for-STM32/bin/../lib/gcc/arm-none-eabi/13.3.1/../../../../arm-none-eabi/lib/thumb/v6-m/nofp\libc_nano.a(libc_a-closer.o) (errno)
D:/STM32CubeIDE/STM32CubeCLT_1.18.0/GNU-tools-for-STM32/bin/../lib/gcc/arm-none-eabi/13.3.1/../../../../arm-none-eabi/lib/thumb/v6-m/nofp\libc_nano.a(libc_a-impure.o)
                              D:/STM32CubeIDE/STM32CubeCLT_1.18.0/GNU-tools-for-STM32/bin/../lib/gcc/arm-none-eabi/13.3.1/../../../../arm-none-eabi/lib/thumb/v6-m/nofp\libc_nano.a(libc_a-reent.o) (_impure_ptr)
D:/STM32CubeIDE/STM32CubeCLT_1.18.0/GNU-tools-for-STM32/bin/../lib/gcc/arm-none-eabi/13.3.1/../../../../arm-none-eabi/lib/thumb/v6-m/nofp\libc_nano.a(libc_a-lseekr.o)
                              D:/STM32CubeIDE/STM32CubeCLT_1.18.0/GNU-tools-for-STM32/bin/../lib/gcc/arm-none-eabi/13.3.1/../../../../arm-none-eabi/lib/thumb/v6-m/nofp\libc_nano.a(libc_a-stdio.o) (_lseek_r)
D:/STM32CubeIDE/STM32CubeCLT_1.18.0/GNU-tools-for-STM32/bin/../lib/gcc/arm-none-eabi/13.3.1/../../../../arm-none-eabi/lib/thumb/v6-m/nofp\libc_nano.a(libc_a-readr.o)
                              D:/STM32CubeIDE/STM32CubeCLT_1.18.0/GNU-tools-for-STM32/bin/../lib/gcc/arm-none-eabi/13.3.1/../../../../arm-none-eabi/lib/thumb/v6-m/nofp\libc_nano.a(libc_a-stdio.o) (_read_r)
D:/STM32CubeIDE/STM32CubeCLT_1.18.0/GNU-tools-for-STM32/bin/../lib/gcc/arm-none-eabi/13.3.1/../../../../arm-none-eabi/lib/thumb/v6-m/nofp\libc_nano.a(libc_a-writer.o)
                              D:/STM32CubeIDE/STM32CubeCLT_1.18.0/GNU-tools-for-STM32/bin/../lib/gcc/arm-none-eabi/13.3.1/../../../../arm-none-eabi/lib/thumb/v6-m/nofp\libc_nano.a(libc_a-stdio.o) (_write_r)
D:/STM32CubeIDE/STM32CubeCLT_1.18.0/GNU-tools-for-STM32/bin/../lib/gcc/arm-none-eabi/13.3.1/../../../../arm-none-eabi/lib/thumb/v6-m/nofp\libc_nano.a(libc_a-init.o)
                              D:/STM32CubeIDE/STM32CubeCLT_1.18.0/GNU-tools-for-STM32/bin/../lib/gcc/arm-none-eabi/13.3.1/../../../../arm-none-eabi/lib/thumb/v6-m/nofp/crt0.o (__libc_init_array)
D:/STM32CubeIDE/STM32CubeCLT_1.18.0/GNU-tools-for-STM32/bin/../lib/gcc/arm-none-eabi/13.3.1/../../../../arm-none-eabi/lib/thumb/v6-m/nofp\libc_nano.a(libc_a-lock.o)
                              D:/STM32CubeIDE/STM32CubeCLT_1.18.0/GNU-tools-for-STM32/bin/../lib/gcc/arm-none-eabi/13.3.1/../../../../arm-none-eabi/lib/thumb/v6-m/nofp\libc_nano.a(libc_a-findfp.o) (__retarget_lock_init_recursive)
[...]
Memory Configuration

Name             Origin             Length             Attributes
RAM              0x20000000         0x00002000         xrw
FLASH            0x08000000         0x0000f000         xr
*default*        0x00000000         0xffffffff

Linker script and memory map

LOAD D:/STM32CubeIDE/STM32CubeCLT_1.18.0/GNU-tools-for-STM32/bin/../lib/gcc/arm-none-eabi/13.3.1/thumb/v6-m/nofp/crti.o
LOAD D:/STM32CubeIDE/STM32CubeCLT_1.18.0/GNU-tools-for-STM32/bin/../lib/gcc/arm-none-eabi/13.3.1/thumb/v6-m/nofp/crtbegin.o
LOAD D:/STM32CubeIDE/STM32CubeCLT_1.18.0/GNU-tools-for-STM32/bin/../lib/gcc/arm-none-eabi/13.3.1/../../../../arm-none-eabi/lib/thumb/v6-m/nofp/crt0.o
START GROUP
LOAD D:/STM32CubeIDE/STM32CubeCLT_1.18.0/GNU-tools-for-STM32/bin/../lib/gcc/arm-none-eabi/13.3.1/../../../../arm-none-eabi/lib/thumb/v6-m/nofp\libc_nano.a
LOAD D:/STM32CubeIDE/STM32CubeCLT_1.18.0/GNU-tools-for-STM32/bin/../lib/gcc/arm-none-eabi/13.3.1/../../../../arm-none-eabi/lib/thumb/v6-m/nofp\libm.a
END GROUP
LOAD cmake/stm32cubemx/CMakeFiles/STM32_Drivers.dir/__/__/Core/Src/system_stm32g0xx.c.obj
LOAD cmake/stm32cubemx/CMakeFiles/STM32_Drivers.dir/__/__/Drivers/STM32G0xx_HAL_Driver/Src/stm32g0xx_hal_adc.c.obj
LOAD cmake/stm32cubemx/CMakeFiles/STM32_Drivers.dir/__/__/Drivers/STM32G0xx_HAL_Driver/Src/stm32g0xx_hal_adc_ex.c.obj
LOAD cmake/stm32cubemx/CMakeFiles/STM32_Drivers.dir/__/__/Drivers/STM32G0xx_HAL_Driver/Src/stm32g0xx_ll_adc.c.obj
LOAD cmake/stm32cubemx/CMakeFiles/STM32_Drivers.dir/__/__/Drivers/STM32G0xx_HAL_Driver/Src/stm32g0xx_hal_rcc.c.obj
LOAD cmake/stm32cubemx/CMakeFiles/STM32_Drivers.dir/__/__/Drivers/STM32G0xx_HAL_Driver/Src/stm32g0xx_hal_rcc_ex.c.obj
LOAD cmake/stm32cubemx/CMakeFiles/STM32_Drivers.dir/__/__/Drivers/STM32G0xx_HAL_Driver/Src/stm32g0xx_ll_rcc.c.obj
LOAD cmake/stm32cubemx/CMakeFiles/STM32_Drivers.dir/__/__/Drivers/STM32G0xx_HAL_Driver/Src/stm32g0xx_hal_flash.c.obj
LOAD cmake/stm32cubemx/CMakeFiles/STM32_Drivers.dir/__/__/Drivers/STM32G0xx_HAL_Driver/Src/stm32g0xx_hal_flash_ex.c.obj
LOAD cmake/stm32cubemx/CMakeFiles/STM32_Drivers.dir/__/__/Drivers/STM32G0xx_HAL_Driver/Src/stm32g0xx_hal_gpio.c.obj
LOAD cmake/stm32cubemx/CMakeFiles/STM32_Drivers.dir/__/__/Drivers/STM32G0xx_HAL_Driver/Src/stm32g0xx_hal_dma.c.obj
LOAD cmake/stm32cubemx/CMakeFiles/STM32_Drivers.dir/__/__/Drivers/STM32G0xx_HAL_Driver/Src/stm32g0xx_hal_dma_ex.c.obj
LOAD cmake/stm32cubemx/CMakeFiles/STM32_Drivers.dir/__/__/Drivers/STM32G0xx_HAL_Driver/Src/stm32g0xx_hal_pwr.c.obj
LOAD cmake/stm32cubemx/CMakeFiles/STM32_Drivers.dir/__/__/Drivers/STM32G0xx_HAL_Driver/Src/stm32g0xx_hal_pwr_ex.c.obj
LOAD cmake/stm32cubemx/CMakeFiles/STM32_Drivers.dir/__/__/Drivers/STM32G0xx_HAL_Driver/Src/stm32g0xx_hal_cortex.c.obj
LOAD cmake/stm32cubemx/CMakeFiles/STM32_Drivers.dir/__/__/Drivers/STM32G0xx_HAL_Driver/Src/stm32g0xx_hal.c.obj
LOAD cmake/stm32cubemx/CMakeFiles/STM32_Drivers.dir/__/__/Drivers/STM32G0xx_HAL_Driver/Src/stm32g0xx_hal_exti.c.obj
LOAD cmake/stm32cubemx/CMakeFiles/STM32_Drivers.dir/__/__/Drivers/STM32G0xx_HAL_Driver/Src/stm32g0xx_hal_i2c.c.obj
LOAD cmake/stm32cubemx/CMakeFiles/STM32_Drivers.dir/__/__/Drivers/STM32G0xx_HAL_Driver/Src/stm32g0xx_hal_i2c_ex.c.obj
LOAD cmake/stm32cubemx/CMakeFiles/STM32_Drivers.dir/__/__/Drivers/STM32G0xx_HAL_Driver/Src/stm32g0xx_hal_iwdg.c.obj
LOAD cmake/stm32cubemx/CMakeFiles/STM32_Drivers.dir/__/__/Drivers/STM32G0xx_HAL_Driver/Src/stm32g0xx_hal_rtc.c.obj
LOAD cmake/stm32cubemx/CMakeFiles/STM32_Drivers.dir/__/__/Drivers/STM32G0xx_HAL_Driver/Src/stm32g0xx_hal_rtc_ex.c.obj
LOAD cmake/stm32cubemx/CMakeFiles/STM32_Drivers.dir/__/__/Drivers/STM32G0xx_HAL_Driver/Src/stm32g0xx_hal_uart.c.obj
LOAD cmake/stm32cubemx/CMakeFiles/STM32_Drivers.dir/__/__/Drivers/STM32G0xx_HAL_Driver/Src/stm32g0xx_hal_uart_ex.c.obj
LOAD CMakeFiles/solar_imu.dir/Core/Src/main.c.obj
LOAD CMakeFiles/solar_imu.dir/Core/Src/gpio.c.obj
LOAD CMakeFiles/solar_imu.dir/Core/Src/adc.c.obj
LOAD CMakeFiles/solar_imu.dir/Core/Src/dma.c.obj
LOAD CMakeFiles/solar_imu.dir/Core/Src/i2c.c.obj
LOAD CMakeFiles/solar_imu.dir/Core/Src/iwdg.c.obj
LOAD CMakeFiles/solar_imu.dir/Core/Src/rtc.c.obj
LOAD CMakeFiles/solar_imu.dir/Core/Src/usart.c.obj
LOAD CMakeFiles/solar_imu.dir/Core/Src/stm32g0xx_it.c.obj
LOAD CMakeFiles/solar_imu.dir/Core/Src/stm32g0xx_hal_msp.c.obj
LOAD CMakeFiles/solar_imu.dir/Core/Src/sysmem.c.obj
LOAD CMakeFiles/solar_imu.dir/Core/Src/syscalls.c.obj
LOAD CMakeFiles/solar_imu.dir/startup_stm32g031xx.s.obj
LOAD CMakeFiles/solar_imu.dir/Core/Src/at_ml307c.c.obj
LOAD CMakeFiles/solar_imu.dir/Core/Src/lsm6ds.c.obj
LOAD CMakeFiles/solar_imu.dir/Core/Src/lsm6ds3tr-c_reg.c.obj
LOAD CMakeFiles/solar_imu.dir/Core/Src/uart_driver.c.obj
LOAD CMakeFiles/solar_imu.dir/Core/Src/event_store.c.obj
LOAD CMakeFiles/solar_imu.dir/Core/Src/service_protocol.c.obj
LOAD CMakeFiles/solar_imu.dir/Core/Src/sys_config.c.obj
LOAD CMakeFiles/solar_imu.dir/Core/Src/power_manager.c.obj
LOAD CMakeFiles/solar_imu.dir/Core/Src/rtc_utils.c.obj
LOAD CMakeFiles/solar_imu.dir/Core/Src/service_handler.c.obj
LOAD CMakeFiles/solar_imu.dir/Core/Src/event_report.c.obj
LOAD CMakeFiles/solar_imu.dir/Core/Src/low_power.c.obj
START GROUP
LOAD D:/STM32CubeIDE/STM32CubeCLT_1.18.0/GNU-tools-for-STM32/bin/../lib/gcc/arm-none-eabi/13.3.1/thumb/v6-m/nofp\libgcc.a
LOAD D:/STM32CubeIDE/STM32CubeCLT_1.18.0/GNU-tools-for-STM32/bin/../lib/gcc/arm-none-eabi/13.3.1/../../../../arm-none-eabi/lib/thumb/v6-m/nofp\libg_nano.a
LOAD D:/STM32CubeIDE/STM32CubeCLT_1.18.0/GNU-tools-for-STM32/bin/../lib/gcc/arm-none-eabi/13.3.1/../../../../arm-none-eabi/lib/thumb/v6-m/nofp\libc_nano.a
END GROUP
START GROUP
LOAD D:/STM32CubeIDE/STM32CubeCLT_1.18.0/GNU-tools-for-STM32/bin/../lib/gcc/arm-none-eabi/13.3.1/thumb/v6-m/nofp\libgcc.a
LOAD D:/STM32CubeIDE/STM32CubeCLT_1.18.0/GNU-tools-for-STM32/bin/../lib/gcc/arm-none-eabi/13.3.1/../../../../arm-none-eabi/lib/thumb/v6-m/nofp\libc_nano.a
END GROUP
LOAD D:/STM32CubeIDE/STM32CubeCLT_1.18.0/GNU-tools-for-STM32/bin/../lib/gcc/arm-none-eabi/13.3.1/thumb/v6-m/nofp/crtend.o
LOAD D:/STM32CubeIDE/STM32CubeCLT_1.18.0/GNU-tools-for-STM32/bin/../lib/gcc/arm-none-eabi/13.3.1/thumb/v6-m/nofp/crtn.o
                0x20002000                        _estack = (ORIGIN (RAM) + LENGTH (RAM))
                0x00000200                        _Min_Heap_Size = 0x200
                0x00000400                        _Min_Stack_Size = 0x400

.isr_vector     0x08000000       0xbc
                0x08000000                        . = ALIGN (0x4)
 *(.isr_vector)
 .isr_vector    0x08000000       0xbc CMakeFiles/solar_imu.dir/startup_stm32g031xx.s.obj
                0x08000000                g_pfnVectors
                0x080000bc                        . = ALIGN (0x4)

.text           0x080000c0     0xac30
                0x080000c0                        . = ALIGN (0x4)
 *(.text)
 .text          0x080000c0       0x48 D:/STM32CubeIDE/STM32CubeCLT_1.18.0/GNU-tools-for-STM32/bin/../lib/gcc/arm-none-eabi/13.3.1/thumb/v6-m/nofp/crtbegin.o
 .text          0x08000108       0x14 D:/STM32CubeIDE/STM32CubeCLT_1.18.0/GNU-tools-for-STM32/bin/../lib/gcc/arm-none-eabi/13.3.1/thumb/v6-m/nofp\libgcc.a(_thumb1_case_uqi.o)
                0x08000108                __gnu_thumb1_case_uqi
 .text          0x0800011c       0x14 D:/STM32CubeIDE/STM32CubeCLT_1.18.0/GNU-tools-for-STM32/bin/../lib/gcc/arm-none-eabi/13.3.1/thumb/v6-m/nofp\libgcc.a(_thumb1_case_uhi.o)
                0x0800011c                __gnu_thumb1_case_uhi
 .text          0x08000130      0x114 D:/STM32CubeIDE/STM32CubeCLT_1.18.0/GNU-tools-for-STM32/bin/../lib/gcc/arm-none-eabi/13.3.1/thumb/v6-m/nofp\libgcc.a(_udivsi3.o)
                0x08000130                __aeabi_uidiv
                0x08000130                __udivsi3
                0x0800023c                __aeabi_uidivmod
 .text          0x08000244      0x1d4 D:/STM32CubeIDE/STM32CubeCLT_1.18.0/GNU-tools-for-STM32/bin/../lib/gcc/arm-none-eabi/13.3.1/thumb/v6-m/nofp\libgcc.a(_divsi3.o)
                0x08000244                __divsi3
                0x08000244                __aeabi_idiv
                0x08000410                __aeabi_idivmod
 .text          0x08000418        0x4 D:/STM32CubeIDE/STM32CubeCLT_1.18.0/GNU-tools-for-STM32/bin/../lib/gcc/arm-none-eabi/13.3.1/thumb/v6-m/nofp\libgcc.a(_dvmd_tls.o)
                0x08000418                __aeabi_idiv0
                0x08000418                __aeabi_ldiv0
 .text          0x0800041c       0x74 D:/STM32CubeIDE/STM32CubeCLT_1.18.0/GNU-tools-for-STM32/bin/../lib/gcc/arm-none-eabi/13.3.1/thumb/v6-m/nofp\libgcc.a(_arm_cmpsf2.o)
                0x0800041c                __aeabi_cfrcmple
                0x08000424                __aeabi_cfcmpeq
                0x08000424                __aeabi_cfcmple
                0x08000434                __aeabi_fcmpeq
                0x08000440                __aeabi_fcmplt
                0x08000454                __aeabi_fcmple
                0x08000468                __aeabi_fcmpgt
                0x0800047c                __aeabi_fcmpge
 .text          0x08000490       0x40 D:/STM32CubeIDE/STM32CubeCLT_1.18.0/GNU-tools-for-STM32/bin/../lib/gcc/arm-none-eabi/13.3.1/thumb/v6-m/nofp\libgcc.a(_aeabi_uldivmod.o)
                0x08000490                __aeabi_uldivmod
 .text          0x080004d0       0x30 D:/STM32CubeIDE/STM32CubeCLT_1.18.0/GNU-tools-for-STM32/bin/../lib/gcc/arm-none-eabi/13.3.1/thumb/v6-m/nofp\libgcc.a(_fixunssfsi.o)
                0x080004d0                __fixunssfsi
                0x080004d0                __aeabi_f2uiz
 .text          0x08000500      0x198 D:/STM32CubeIDE/STM32CubeCLT_1.18.0/GNU-tools-for-STM32/bin/../lib/gcc/arm-none-eabi/13.3.1/thumb/v6-m/nofp\libgcc.a(_udivmoddi4.o)
                0x08000500                __udivmoddi4
 .text          0x08000698      0x3e4 D:/STM32CubeIDE/STM32CubeCLT_1.18.0/GNU-tools-for-STM32/bin/../lib/gcc/arm-none-eabi/13.3.1/thumb/v6-m/nofp\libgcc.a(addsf3.o)
                0x08000698                __aeabi_fadd
 .text          0x08000a7c      0x22c D:/STM32CubeIDE/STM32CubeCLT_1.18.0/GNU-tools-for-STM32/bin/../lib/gcc/arm-none-eabi/13.3.1/thumb/v6-m/nofp\libgcc.a(divsf3.o)
                0x08000a7c                __aeabi_fdiv
 .text          0x08000ca8       0x50 D:/STM32CubeIDE/STM32CubeCLT_1.18.0/GNU-tools-for-STM32/bin/../lib/gcc/arm-none-eabi/13.3.1/thumb/v6-m/nofp\libgcc.a(eqsf2.o)
                0x08000ca8                __eqsf2
                0x08000ca8                __nesf2
 .text          0x08000cf8       0x90 D:/STM32CubeIDE/STM32CubeCLT_1.18.0/GNU-tools-for-STM32/bin/../lib/gcc/arm-none-eabi/13.3.1/thumb/v6-m/nofp\libgcc.a(gesf2.o)
                0x08000cf8                __gesf2
                0x08000cf8                __gtsf2
 .text          0x08000d88       0x90 D:/STM32CubeIDE/STM32CubeCLT_1.18.0/GNU-tools-for-STM32/bin/../lib/gcc/arm-none-eabi/13.3.1/thumb/v6-m/nofp\libgcc.a(lesf2.o)
                0x08000d88                __ltsf2
                0x08000d88                __lesf2
 .text          0x08000e18      0x2b4 D:/STM32CubeIDE/STM32CubeCLT_1.18.0/GNU-tools-for-STM32/bin/../lib/gcc/arm-none-eabi/13.3.1/thumb/v6-m/nofp\libgcc.a(mulsf3.o)
                0x08000e18                __aeabi_fmul
 .text          0x080010cc      0x4c8 D:/STM32CubeIDE/STM32CubeCLT_1.18.0/GNU-tools-for-STM32/bin/../lib/gcc/arm-none-eabi/13.3.1/thumb/v6-m/nofp\libgcc.a(subsf3.o)
                0x080010cc                __aeabi_fsub
 .text          0x08001594       0x40 D:/STM32CubeIDE/STM32CubeCLT_1.18.0/GNU-tools-for-STM32/bin/../lib/gcc/arm-none-eabi/13.3.1/thumb/v6-m/nofp\libgcc.a(fixsfsi.o)
                0x08001594                __aeabi_f2iz
 .text          0x080015d4       0xa0 D:/STM32CubeIDE/STM32CubeCLT_1.18.0/GNU-tools-for-STM32/bin/../lib/gcc/arm-none-eabi/13.3.1/thumb/v6-m/nofp\libgcc.a(floatsisf.o)
                0x080015d4                __aeabi_i2f
 .text          0x08001674       0x8c D:/STM32CubeIDE/STM32CubeCLT_1.18.0/GNU-tools-for-STM32/bin/../lib/gcc/arm-none-eabi/13.3.1/thumb/v6-m/nofp\libgcc.a(floatunsisf.o)
                0x08001674                __aeabi_ui2f
 .text          0x08001700       0x3c D:/STM32CubeIDE/STM32CubeCLT_1.18.0/GNU-tools-for-STM32/bin/../lib/gcc/arm-none-eabi/13.3.1/thumb/v6-m/nofp\libgcc.a(_clzsi2.o)
                0x08001700                __clzsi2
 .text          0x0800173c       0x18 D:/STM32CubeIDE/STM32CubeCLT_1.18.0/GNU-tools-for-STM32/bin/../lib/gcc/arm-none-eabi/13.3.1/thumb/v6-m/nofp\libgcc.a(_clzdi2.o)
                0x0800173c                __clzdi2
 .text          0x08001754        0xe D:/STM32CubeIDE/STM32CubeCLT_1.18.0/GNU-tools-for-STM32/bin/../lib/gcc/arm-none-eabi/13.3.1/../../../../arm-none-eabi/lib/thumb/v6-m/nofp\libg_nano.a(libc_a-strlen.o)
                0x08001754                strlen
 *fill*         0x08001762        0x2 
 .text          0x08001764       0x14 D:/STM32CubeIDE/STM32CubeCLT_1.18.0/GNU-tools-for-STM32/bin/../lib/gcc/arm-none-eabi/13.3.1/thumb/v6-m/nofp\libgcc.a(_thumb1_case_shi.o)
                0x08001764                __gnu_thumb1_case_shi
 .text          0x08001778       0x2c D:/STM32CubeIDE/STM32CubeCLT_1.18.0/GNU-tools-for-STM32/bin/../lib/gcc/arm-none-eabi/13.3.1/thumb/v6-m/nofp\libgcc.a(unordsf2.o)
                0x08001778                __aeabi_fcmpun
 *(.text*)
 .text.memset   0x080017a4       0x10 D:/STM32CubeIDE/STM32CubeCLT_1.18.0/GNU-tools-for-STM32/bin/../lib/gcc/arm-none-eabi/13.3.1/../../../../arm-none-eabi/lib/thumb/v6-m/nofp\libc_nano.a(libc_a-memset.o)
                0x080017a4                memset
 .text.__libc_init_array
                0x080017b4       0x48 D:/STM32CubeIDE/STM32CubeCLT_1.18.0/GNU-tools-for-STM32/bin/../lib/gcc/arm-none-eabi/13.3.1/../../../../arm-none-eabi/lib/thumb/v6-m/nofp\libc_nano.a(libc_a-init.o)
                0x080017b4                __libc_init_array
 .text.__retarget_lock_acquire_recursive
                0x080017fc        0x2 D:/STM32CubeIDE/STM32CubeCLT_1.18.0/GNU-tools-for-STM32/bin/../lib/gcc/arm-none-eabi/13.3.1/../../../../arm-none-eabi/lib/thumb/v6-m/nofp\libc_nano.a(libc_a-lock.o)
                0x080017fc                __retarget_lock_acquire_recursive
 .text.__retarget_lock_release_recursive
                0x080017fe        0x2 D:/STM32CubeIDE/STM32CubeCLT_1.18.0/GNU-tools-for-STM32/bin/../lib/gcc/arm-none-eabi/13.3.1/../../../../arm-none-eabi/lib/thumb/v6-m/nofp\libc_nano.a(libc_a-lock.o)
                0x080017fe                __retarget_lock_release_recursive
 .text._free_r  0x08001800       0x94 D:/STM32CubeIDE/STM32CubeCLT_1.18.0/GNU-tools-for-STM32/bin/../lib/gcc/arm-none-eabi/13.3.1/../../../../arm-none-eabi/lib/thumb/v6-m/nofp\libc_nano.a(libc_a-freer.o)
                0x08001800                _free_r
 .text.sbrk_aligned
                0x08001894       0x44 D:/STM32CubeIDE/STM32CubeCLT_1.18.0/GNU-tools-for-STM32/bin/../lib/gcc/arm-none-eabi/13.3.1/../../../../arm-none-eabi/lib/thumb/v6-m/nofp\libc_nano.a(libc_a-mallocr.o)
 .text._malloc_r
                0x080018d8      0x100 D:/STM32CubeIDE/STM32CubeCLT_1.18.0/GNU-tools-for-STM32/bin/../lib/gcc/arm-none-eabi/13.3.1/../../../../arm-none-eabi/lib/thumb/v6-m/nofp\libc_nano.a(libc_a-mallocr.o)
                0x080018d8                _malloc_r
 .text.__malloc_lock
                0x080019d8       0x10 D:/STM32CubeIDE/STM32CubeCLT_1.18.0/GNU-tools-for-STM32/bin/../lib/gcc/arm-none-eabi/13.3.1/../../../../arm-none-eabi/lib/thumb/v6-m/nofp\libc_nano.a(libc_a-mlock.o)
                0x080019d8                __malloc_lock
 .text.__malloc_unlock
                0x080019e8       0x10 D:/STM32CubeIDE/STM32CubeCLT_1.18.0/GNU-tools-for-STM32/bin/../lib/gcc/arm-none-eabi/13.3.1/../../../../arm-none-eabi/lib/thumb/v6-m/nofp\libc_nano.a(libc_a-mlock.o)
                0x080019e8                __malloc_unlock
 .text._sbrk_r  0x080019f8       0x24 D:/STM32CubeIDE/STM32CubeCLT_1.18.0/GNU-tools-for-STM32/bin/../lib/gcc/arm-none-eabi/13.3.1/../../../../arm-none-eabi/lib/thumb/v6-m/nofp\libc_nano.a(libc_a-sbrkr.o)
                0x080019f8                _sbrk_r
 .text.SystemInit
                0x08001a1c        0x2 cmake/stm32cubemx/CMakeFiles/STM32_Drivers.dir/__/__/Core/Src/system_stm32g0xx.c.obj
                0x08001a1c                SystemInit
 .text.LL_ADC_REG_IsConversionOngoing
                0x08001a1e        0x8 cmake/stm32cubemx/CMakeFiles/STM32_Drivers.dir/__/__/Drivers/STM32G0xx_HAL_Driver/Src/stm32g0xx_hal_adc.c.obj
 *fill*         0x08001a26        0x2 
 .text.HAL_ADC_Init
                0x08001a28      0x220 cmake/stm32cubemx/CMakeFiles/STM32_Drivers.dir/__/__/Drivers/STM32G0xx_HAL_Driver/Src/stm32g0xx_hal_adc.c.obj
                0x08001a28                HAL_ADC_Init
 .text.HAL_ADC_PollForConversion
                0x08001c48       0xc8 cmake/stm32cubemx/CMakeFiles/STM32_Drivers.dir/__/__/Drivers/STM32G0xx_HAL_Driver/Src/stm32g0xx_hal_adc.c.obj
                0x08001c48                HAL_ADC_PollForConversion
 .text.HAL_ADC_GetValue
                0x08001d10        0x6 cmake/stm32cubemx/CMakeFiles/STM32_Drivers.dir/__/__/Drivers/STM32G0xx_HAL_Driver/Src/stm32g0xx_hal_adc.c.obj
                0x08001d10                HAL_ADC_GetValue
 *fill*         0x08001d16        0x2 
 .text.HAL_ADC_ConfigChannel
                0x08001d18      0x248 cmake/stm32cubemx/CMakeFiles/STM32_Drivers.dir/__/__/Drivers/STM32G0xx_HAL_Driver/Src/stm32g0xx_hal_adc.c.obj
                0x08001d18                HAL_ADC_ConfigChannel
 .text.ADC_ConversionStop
                0x08001f60       0x60 cmake/stm32cubemx/CMakeFiles/STM32_Drivers.dir/__/__/Drivers/STM32G0xx_HAL_Driver/Src/stm32g0xx_hal_adc.c.obj
                0x08001f60                ADC_ConversionStop
 .text.ADC_Enable
                0x08001fc0       0xb8 cmake/stm32cubemx/CMakeFiles/STM32_Drivers.dir/__/__/Drivers/STM32G0xx_HAL_Driver/Src/stm32g0xx_hal_adc.c.obj
                0x08001fc0                ADC_Enable
 .text.HAL_ADC_Start
                0x08002078       0x5c cmake/stm32cubemx/CMakeFiles/STM32_Drivers.dir/__/__/Drivers/STM32G0xx_HAL_Driver/Src/stm32g0xx_hal_adc.c.obj
                0x08002078                HAL_ADC_Start
 .text.ADC_Disable
                0x080020d4       0x78 cmake/stm32cubemx/CMakeFiles/STM32_Drivers.dir/__/__/Drivers/STM32G0xx_HAL_Driver/Src/stm32g0xx_hal_adc.c.obj
                0x080020d4                ADC_Disable
 .text.HAL_ADC_Stop
                0x0800214c       0x3c cmake/stm32cubemx/CMakeFiles/STM32_Drivers.dir/__/__/Drivers/STM32G0xx_HAL_Driver/Src/stm32g0xx_hal_adc.c.obj
                0x0800214c                HAL_ADC_Stop
 .text.HAL_ADCEx_Calibration_Start
                0x08002188      0x168 cmake/stm32cubemx/CMakeFiles/STM32_Drivers.dir/__/__/Drivers/STM32G0xx_HAL_Driver/Src/stm32g0xx_hal_adc_ex.c.obj
                0x08002188                HAL_ADCEx_Calibration_Start
 .text.HAL_RCC_OscConfig
                0x080022f0      0x448 cmake/stm32cubemx/CMakeFiles/STM32_Drivers.dir/__/__/Drivers/STM32G0xx_HAL_Driver/Src/stm32g0xx_hal_rcc.c.obj
                0x080022f0                HAL_RCC_OscConfig
 .text.HAL_RCC_GetSysClockFreq
                0x08002738       0x88 cmake/stm32cubemx/CMakeFiles/STM32_Drivers.dir/__/__/Drivers/STM32G0xx_HAL_Driver/Src/stm32g0xx_hal_rcc.c.obj
                0x08002738                HAL_RCC_GetSysClockFreq
 .text.HAL_RCC_ClockConfig
                0x080027c0      0x154 cmake/stm32cubemx/CMakeFiles/STM32_Drivers.dir/__/__/Drivers/STM32G0xx_HAL_Driver/Src/stm32g0xx_hal_rcc.c.obj
                0x080027c0                HAL_RCC_ClockConfig
 .text.HAL_RCC_GetPCLK1Freq
                0x08002914       0x28 cmake/stm32cubemx/CMakeFiles/STM32_Drivers.dir/__/__/Drivers/STM32G0xx_HAL_Driver/Src/stm32g0xx_hal_rcc.c.obj
                0x08002914                HAL_RCC_GetPCLK1Freq
 .text.HAL_RCCEx_PeriphCLKConfig
                0x0800293c      0x1c0 cmake/stm32cubemx/CMakeFiles/STM32_Drivers.dir/__/__/Drivers/STM32G0xx_HAL_Driver/Src/stm32g0xx_hal_rcc_ex.c.obj
                0x0800293c                HAL_RCCEx_PeriphCLKConfig
 .text.HAL_FLASH_Unlock
                0x08002afc       0x24 cmake/stm32cubemx/CMakeFiles/STM32_Drivers.dir/__/__/Drivers/STM32G0xx_HAL_Driver/Src/stm32g0xx_hal_flash.c.obj
                0x08002afc                HAL_FLASH_Unlock
 .text.FLASH_WaitForLastOperation
                0x08002b20       0x70 cmake/stm32cubemx/CMakeFiles/STM32_Drivers.dir/__/__/Drivers/STM32G0xx_HAL_Driver/Src/stm32g0xx_hal_flash.c.obj
                0x08002b20                FLASH_WaitForLastOperation
 .text.HAL_FLASH_Program
                0x08002b90       0x68 cmake/stm32cubemx/CMakeFiles/STM32_Drivers.dir/__/__/Drivers/STM32G0xx_HAL_Driver/Src/stm32g0xx_hal_flash.c.obj
                0x08002b90                HAL_FLASH_Program
 .text.HAL_FLASH_Lock
                0x08002bf8       0x24 cmake/stm32cubemx/CMakeFiles/STM32_Drivers.dir/__/__/Drivers/STM32G0xx_HAL_Driver/Src/stm32g0xx_hal_flash.c.obj
                0x08002bf8                HAL_FLASH_Lock
 .text.FLASH_PageErase
                0x08002c1c       0x20 cmake/stm32cubemx/CMakeFiles/STM32_Drivers.dir/__/__/Drivers/STM32G0xx_HAL_Driver/Src/stm32g0xx_hal_flash_ex.c.obj
                0x08002c1c                FLASH_PageErase
 .text.HAL_FLASHEx_Erase
                0x08002c3c       0x94 cmake/stm32cubemx/CMakeFiles/STM32_Drivers.dir/__/__/Drivers/STM32G0xx_HAL_Driver/Src/stm32g0xx_hal_flash_ex.c.obj
                0x08002c3c                HAL_FLASHEx_Erase
 .text.HAL_GPIO_Init
                0x08002cd0      0x164 cmake/stm32cubemx/CMakeFiles/STM32_Drivers.dir/__/__/Drivers/STM32G0xx_HAL_Driver/Src/stm32g0xx_hal_gpio.c.obj
                0x08002cd0                HAL_GPIO_Init
 .text.HAL_GPIO_DeInit
                0x08002e34       0xe4 cmake/stm32cubemx/CMakeFiles/STM32_Drivers.dir/__/__/Drivers/STM32G0xx_HAL_Driver/Src/stm32g0xx_hal_gpio.c.obj
                0x08002e34                HAL_GPIO_DeInit
 .text.HAL_GPIO_ReadPin
                0x08002f18        0xc cmake/stm32cubemx/CMakeFiles/STM32_Drivers.dir/__/__/Drivers/STM32G0xx_HAL_Driver/Src/stm32g0xx_hal_gpio.c.obj
                0x08002f18                HAL_GPIO_ReadPin
 .text.HAL_GPIO_WritePin
                0x08002f24        0xc cmake/stm32cubemx/CMakeFiles/STM32_Drivers.dir/__/__/Drivers/STM32G0xx_HAL_Driver/Src/stm32g0xx_hal_gpio.c.obj
                0x08002f24                HAL_GPIO_WritePin
 .text.HAL_GPIO_EXTI_IRQHandler
                0x08002f30       0x28 cmake/stm32cubemx/CMakeFiles/STM32_Drivers.dir/__/__/Drivers/STM32G0xx_HAL_Driver/Src/stm32g0xx_hal_gpio.c.obj
                0x08002f30                HAL_GPIO_EXTI_IRQHandler
 .text.DMA_SetConfig
                0x08002f58       0x40 cmake/stm32cubemx/CMakeFiles/STM32_Drivers.dir/__/__/Drivers/STM32G0xx_HAL_Driver/Src/stm32g0xx_hal_dma.c.obj
 .text.DMA_CalcDMAMUXChannelBaseAndMask
                0x08002f98       0x34 cmake/stm32cubemx/CMakeFiles/STM32_Drivers.dir/__/__/Drivers/STM32G0xx_HAL_Driver/Src/stm32g0xx_hal_dma.c.obj
 .text.HAL_DMA_Init
                0x08002fcc       0xb4 cmake/stm32cubemx/CMakeFiles/STM32_Drivers.dir/__/__/Drivers/STM32G0xx_HAL_Driver/Src/stm32g0xx_hal_dma.c.obj
                0x08002fcc                HAL_DMA_Init
 .text.HAL_DMA_Start_IT
                0x08003080       0x90 cmake/stm32cubemx/CMakeFiles/STM32_Drivers.dir/__/__/Drivers/STM32G0xx_HAL_Driver/Src/stm32g0xx_hal_dma.c.obj
                0x08003080                HAL_DMA_Start_IT
 .text.HAL_DMA_Abort
                0x08003110       0x74 cmake/stm32cubemx/CMakeFiles/STM32_Drivers.dir/__/__/Drivers/STM32G0xx_HAL_Driver/Src/stm32g0xx_hal_dma.c.obj
                0x08003110                HAL_DMA_Abort
 .text.HAL_DMA_Abort_IT
                0x08003184       0x74 cmake/stm32cubemx/CMakeFiles/STM32_Drivers.dir/__/__/Drivers/STM32G0xx_HAL_Driver/Src/stm32g0xx_hal_dma.c.obj
                0x08003184                HAL_DMA_Abort_IT
 .text.HAL_DMA_IRQHandler
                0x080031f8       0xa8 cmake/stm32cubemx/CMakeFiles/STM32_Drivers.dir/__/__/Drivers/STM32G0xx_HAL_Driver/Src/stm32g0xx_hal_dma.c.obj
                0x080031f8                HAL_DMA_IRQHandler
 .text.HAL_DMA_GetError
                0x080032a0        0x4 cmake/stm32cubemx/CMakeFiles/STM32_Drivers.dir/__/__/Drivers/STM32G0xx_HAL_Driver/Src/stm32g0xx_hal_dma.c.obj
                0x080032a0                HAL_DMA_GetError
 .text.HAL_PWR_EnterSTOPMode
                0x080032a4       0x44 cmake/stm32cubemx/CMakeFiles/STM32_Drivers.dir/__/__/Drivers/STM32G0xx_HAL_Driver/Src/stm32g0xx_hal_pwr.c.obj
                0x080032a4                HAL_PWR_EnterSTOPMode
 .text.HAL_PWREx_ControlVoltageScaling
                0x080032e8       0x58 cmake/stm32cubemx/CMakeFiles/STM32_Drivers.dir/__/__/Drivers/STM32G0xx_HAL_Driver/Src/stm32g0xx_hal_pwr_ex.c.obj
                0x080032e8                HAL_PWREx_ControlVoltageScaling
 .text.HAL_NVIC_SetPriority
                0x08003340       0x54 cmake/stm32cubemx/CMakeFiles/STM32_Drivers.dir/__/__/Drivers/STM32G0xx_HAL_Driver/Src/stm32g0xx_hal_cortex.c.obj
                0x08003340                HAL_NVIC_SetPriority
 .text.HAL_NVIC_EnableIRQ
                0x08003394       0x18 cmake/stm32cubemx/CMakeFiles/STM32_Drivers.dir/__/__/Drivers/STM32G0xx_HAL_Driver/Src/stm32g0xx_hal_cortex.c.obj
                0x08003394                HAL_NVIC_EnableIRQ
 .text.HAL_NVIC_DisableIRQ
                0x080033ac       0x20 cmake/stm32cubemx/CMakeFiles/STM32_Drivers.dir/__/__/Drivers/STM32G0xx_HAL_Driver/Src/stm32g0xx_hal_cortex.c.obj
                0x080033ac                HAL_NVIC_DisableIRQ
 .text.HAL_SYSTICK_Config
                0x080033cc       0x34 cmake/stm32cubemx/CMakeFiles/STM32_Drivers.dir/__/__/Drivers/STM32G0xx_HAL_Driver/Src/stm32g0xx_hal_cortex.c.obj
                0x080033cc                HAL_SYSTICK_Config
 .text.HAL_NVIC_ClearPendingIRQ
                0x08003400       0x1c cmake/stm32cubemx/CMakeFiles/STM32_Drivers.dir/__/__/Drivers/STM32G0xx_HAL_Driver/Src/stm32g0xx_hal_cortex.c.obj
                0x08003400                HAL_NVIC_ClearPendingIRQ
 .text.HAL_InitTick
                0x0800341c       0x50 cmake/stm32cubemx/CMakeFiles/STM32_Drivers.dir/__/__/Drivers/STM32G0xx_HAL_Driver/Src/stm32g0xx_hal.c.obj
                0x0800341c                HAL_InitTick
 .text.HAL_Init
                0x0800346c       0x28 cmake/stm32cubemx/CMakeFiles/STM32_Drivers.dir/__/__/Drivers/STM32G0xx_HAL_Driver/Src/stm32g0xx_hal.c.obj
                0x0800346c                HAL_Init
 .text.HAL_IncTick
                0x08003494       0x18 cmake/stm32cubemx/CMakeFiles/STM32_Drivers.dir/__/__/Drivers/STM32G0xx_HAL_Driver/Src/stm32g0xx_hal.c.obj
                0x08003494                HAL_IncTick
 .text.HAL_GetTick
                0x080034ac        0xc cmake/stm32cubemx/CMakeFiles/STM32_Drivers.dir/__/__/Drivers/STM32G0xx_HAL_Driver/Src/stm32g0xx_hal.c.obj
                0x080034ac                HAL_GetTick
 .text.HAL_Delay
                0x080034b8       0x24 cmake/stm32cubemx/CMakeFiles/STM32_Drivers.dir/__/__/Drivers/STM32G0xx_HAL_Driver/Src/stm32g0xx_hal.c.obj
                0x080034b8                HAL_Delay
 .text.HAL_SuspendTick
                0x080034dc       0x10 cmake/stm32cubemx/CMakeFiles/STM32_Drivers.dir/__/__/Drivers/STM32G0xx_HAL_Driver/Src/stm32g0xx_hal.c.obj
                0x080034dc                HAL_SuspendTick
 .text.HAL_ResumeTick
                0x080034ec       0x10 cmake/stm32cubemx/CMakeFiles/STM32_Drivers.dir/__/__/Drivers/STM32G0xx_HAL_Driver/Src/stm32g0xx_hal.c.obj
                0x080034ec                HAL_ResumeTick
 .text.I2C_Flush_TXDR
                0x080034fc       0x1c cmake/stm32cubemx/CMakeFiles/STM32_Drivers.dir/__/__/Drivers/STM32G0xx_HAL_Driver/Src/stm32g0xx_hal_i2c.c.obj
 .text.I2C_TransferConfig
                0x08003518       0x2c cmake/stm32cubemx/CMakeFiles/STM32_Drivers.dir/__/__/Drivers/STM32G0xx_HAL_Driver/Src/stm32g0xx_hal_i2c.c.obj
 .text.I2C_IsErrorOccurred
                0x08003544       0xfc cmake/stm32cubemx/CMakeFiles/STM32_Drivers.dir/__/__/Drivers/STM32G0xx_HAL_Driver/Src/stm32g0xx_hal_i2c.c.obj
 .text.I2C_WaitOnTXISFlagUntilTimeout
                0x08003640       0x5c cmake/stm32cubemx/CMakeFiles/STM32_Drivers.dir/__/__/Drivers/STM32G0xx_HAL_Driver/Src/stm32g0xx_hal_i2c.c.obj
 .text.I2C_WaitOnFlagUntilTimeout
                0x0800369c       0x6e cmake/stm32cubemx/CMakeFiles/STM32_Drivers.dir/__/__/Drivers/STM32G0xx_HAL_Driver/Src/stm32g0xx_hal_i2c.c.obj
 .text.I2C_WaitOnSTOPFlagUntilTimeout
                0x0800370a       0x54 cmake/stm32cubemx/CMakeFiles/STM32_Drivers.dir/__/__/Drivers/STM32G0xx_HAL_Driver/Src/stm32g0xx_hal_i2c.c.obj
 *fill*         0x0800375e        0x2 
 .text.HAL_I2C_Init
                0x08003760       0xbc cmake/stm32cubemx/CMakeFiles/STM32_Drivers.dir/__/__/Drivers/STM32G0xx_HAL_Driver/Src/stm32g0xx_hal_i2c.c.obj
                0x08003760                HAL_I2C_Init
 .text.HAL_I2C_Mem_Write
                0x0800381c      0x1b4 cmake/stm32cubemx/CMakeFiles/STM32_Drivers.dir/__/__/Drivers/STM32G0xx_HAL_Driver/Src/stm32g0xx_hal_i2c.c.obj
                0x0800381c                HAL_I2C_Mem_Write
 .text.HAL_I2C_Mem_Read
                0x080039d0      0x1bc cmake/stm32cubemx/CMakeFiles/STM32_Drivers.dir/__/__/Drivers/STM32G0xx_HAL_Driver/Src/stm32g0xx_hal_i2c.c.obj
                0x080039d0                HAL_I2C_Mem_Read
 .text.HAL_I2CEx_ConfigAnalogFilter
                0x08003b8c       0x4c cmake/stm32cubemx/CMakeFiles/STM32_Drivers.dir/__/__/Drivers/STM32G0xx_HAL_Driver/Src/stm32g0xx_hal_i2c_ex.c.obj
                0x08003b8c                HAL_I2CEx_ConfigAnalogFilter
 .text.HAL_I2CEx_ConfigDigitalFilter
                0x08003bd8       0x48 cmake/stm32cubemx/CMakeFiles/STM32_Drivers.dir/__/__/Drivers/STM32G0xx_HAL_Driver/Src/stm32g0xx_hal_i2c_ex.c.obj
                0x08003bd8                HAL_I2CEx_ConfigDigitalFilter
 .text.HAL_IWDG_Init
                0x08003c20       0x64 cmake/stm32cubemx/CMakeFiles/STM32_Drivers.dir/__/__/Drivers/STM32G0xx_HAL_Driver/Src/stm32g0xx_hal_iwdg.c.obj
                0x08003c20                HAL_IWDG_Init
 .text.HAL_IWDG_Refresh
                0x08003c84       0x10 cmake/stm32cubemx/CMakeFiles/STM32_Drivers.dir/__/__/Drivers/STM32G0xx_HAL_Driver/Src/stm32g0xx_hal_iwdg.c.obj
                0x08003c84                HAL_IWDG_Refresh
 .text.HAL_RTC_WaitForSynchro
                0x08003c94       0x34 cmake/stm32cubemx/CMakeFiles/STM32_Drivers.dir/__/__/Drivers/STM32G0xx_HAL_Driver/Src/stm32g0xx_hal_rtc.c.obj
                0x08003c94                HAL_RTC_WaitForSynchro
 .text.RTC_EnterInitMode
                0x08003cc8       0x50 cmake/stm32cubemx/CMakeFiles/STM32_Drivers.dir/__/__/Drivers/STM32G0xx_HAL_Driver/Src/stm32g0xx_hal_rtc.c.obj
                0x08003cc8                RTC_EnterInitMode
 .text.RTC_ExitInitMode
                0x08003d18       0x48 cmake/stm32cubemx/CMakeFiles/STM32_Drivers.dir/__/__/Drivers/STM32G0xx_HAL_Driver/Src/stm32g0xx_hal_rtc.c.obj
                0x08003d18                RTC_ExitInitMode
 .text.HAL_RTC_Init
                0x08003d60       0xac cmake/stm32cubemx/CMakeFiles/STM32_Drivers.dir/__/__/Drivers/STM32G0xx_HAL_Driver/Src/stm32g0xx_hal_rtc.c.obj
                0x08003d60                HAL_RTC_Init
 .text.RTC_ByteToBcd2
                0x08003e0c       0x16 cmake/stm32cubemx/CMakeFiles/STM32_Drivers.dir/__/__/Drivers/STM32G0xx_HAL_Driver/Src/stm32g0xx_hal_rtc.c.obj
                0x08003e0c                RTC_ByteToBcd2
 *fill*         0x08003e22        0x2 
 .text.HAL_RTC_SetTime
                0x08003e24       0xd4 cmake/stm32cubemx/CMakeFiles/STM32_Drivers.dir/__/__/Drivers/STM32G0xx_HAL_Driver/Src/stm32g0xx_hal_rtc.c.obj
                0x08003e24                HAL_RTC_SetTime
 .text.HAL_RTC_SetDate
                0x08003ef8       0xa8 cmake/stm32cubemx/CMakeFiles/STM32_Drivers.dir/__/__/Drivers/STM32G0xx_HAL_Driver/Src/stm32g0xx_hal_rtc.c.obj
                0x08003ef8                HAL_RTC_SetDate
 .text.RTC_Bcd2ToByte
                0x08003fa0       0x12 cmake/stm32cubemx/CMakeFiles/STM32_Drivers.dir/__/__/Drivers/STM32G0xx_HAL_Driver/Src/stm32g0xx_hal_rtc.c.obj
                0x08003fa0                RTC_Bcd2ToByte
 *fill*         0x08003fb2        0x2 
 .text.HAL_RTC_GetTime
                0x08003fb4       0x50 cmake/stm32cubemx/CMakeFiles/STM32_Drivers.dir/__/__/Drivers/STM32G0xx_HAL_Driver/Src/stm32g0xx_hal_rtc.c.obj
                0x08003fb4                HAL_RTC_GetTime
 .text.HAL_RTC_GetDate
                0x08004004       0x44 cmake/stm32cubemx/CMakeFiles/STM32_Drivers.dir/__/__/Drivers/STM32G0xx_HAL_Driver/Src/stm32g0xx_hal_rtc.c.obj
                0x08004004                HAL_RTC_GetDate
 .text.HAL_RTCEx_SetWakeUpTimer_IT
                0x08004048       0xd0 cmake/stm32cubemx/CMakeFiles/STM32_Drivers.dir/__/__/Drivers/STM32G0xx_HAL_Driver/Src/stm32g0xx_hal_rtc_ex.c.obj
                0x08004048                HAL_RTCEx_SetWakeUpTimer_IT
 .text.HAL_RTCEx_DeactivateWakeUpTimer
                0x08004118       0x88 cmake/stm32cubemx/CMakeFiles/STM32_Drivers.dir/__/__/Drivers/STM32G0xx_HAL_Driver/Src/stm32g0xx_hal_rtc_ex.c.obj
                0x08004118                HAL_RTCEx_DeactivateWakeUpTimer
 .text.HAL_RTCEx_WakeUpTimerIRQHandler
                0x080041a0       0x28 cmake/stm32cubemx/CMakeFiles/STM32_Drivers.dir/__/__/Drivers/STM32G0xx_HAL_Driver/Src/stm32g0xx_hal_rtc_ex.c.obj
                0x080041a0                HAL_RTCEx_WakeUpTimerIRQHandler
 .text.HAL_RTCEx_BKUPWrite
                0x080041c8       0x10 cmake/stm32cubemx/CMakeFiles/STM32_Drivers.dir/__/__/Drivers/STM32G0xx_HAL_Driver/Src/stm32g0xx_hal_rtc_ex.c.obj
                0x080041c8                HAL_RTCEx_BKUPWrite
 .text.HAL_RTCEx_BKUPRead
                0x080041d8       0x10 cmake/stm32cubemx/CMakeFiles/STM32_Drivers.dir/__/__/Drivers/STM32G0xx_HAL_Driver/Src/stm32g0xx_hal_rtc_ex.c.obj
                0x080041d8                HAL_RTCEx_BKUPRead
 .text.UART_EndTxTransfer
                0x080041e8       0x3c cmake/stm32cubemx/CMakeFiles/STM32_Drivers.dir/__/__/Drivers/STM32G0xx_HAL_Driver/Src/stm32g0xx_hal_uart.c.obj
 .text.UART_EndRxTransfer
                0x08004224       0x64 cmake/stm32cubemx/CMakeFiles/STM32_Drivers.dir/__/__/Drivers/STM32G0xx_HAL_Driver/Src/stm32g0xx_hal_uart.c.obj
 .text.HAL_UART_DMAStop
                0x08004288       0xa6 cmake/stm32cubemx/CMakeFiles/STM32_Drivers.dir/__/__/Drivers/STM32G0xx_HAL_Driver/Src/stm32g0xx_hal_uart.c.obj
                0x08004288                HAL_UART_DMAStop
 *fill*         0x0800432e        0x2 
 .text.HAL_UART_AbortReceive
                0x08004330       0xbc cmake/stm32cubemx/CMakeFiles/STM32_Drivers.dir/__/__/Drivers/STM32G0xx_HAL_Driver/Src/stm32g0xx_hal_uart.c.obj
                0x08004330                HAL_UART_AbortReceive
 .text.HAL_UART_RxCpltCallback
                0x080043ec        0x2 cmake/stm32cubemx/CMakeFiles/STM32_Drivers.dir/__/__/Drivers/STM32G0xx_HAL_Driver/Src/stm32g0xx_hal_uart.c.obj
                0x080043ec                HAL_UART_RxCpltCallback
 .text.HAL_UART_RxHalfCpltCallback
                0x080043ee        0x2 cmake/stm32cubemx/CMakeFiles/STM32_Drivers.dir/__/__/Drivers/STM32G0xx_HAL_Driver/Src/stm32g0xx_hal_uart.c.obj
                0x080043ee                HAL_UART_RxHalfCpltCallback
 .text.UART_DMAError
                0x080043f0       0x44 cmake/stm32cubemx/CMakeFiles/STM32_Drivers.dir/__/__/Drivers/STM32G0xx_HAL_Driver/Src/stm32g0xx_hal_uart.c.obj
 .text.UART_DMAAbortOnError
                0x08004434        0xa cmake/stm32cubemx/CMakeFiles/STM32_Drivers.dir/__/__/Drivers/STM32G0xx_HAL_Driver/Src/stm32g0xx_hal_uart.c.obj
 *fill*         0x0800443e        0x2 
 .text.HAL_UART_IRQHandler
                0x08004440      0x344 cmake/stm32cubemx/CMakeFiles/STM32_Drivers.dir/__/__/Drivers/STM32G0xx_HAL_Driver/Src/stm32g0xx_hal_uart.c.obj
                0x08004440                HAL_UART_IRQHandler
 .text.UART_RxISR_8BIT
                0x08004784       0xe0 cmake/stm32cubemx/CMakeFiles/STM32_Drivers.dir/__/__/Drivers/STM32G0xx_HAL_Driver/Src/stm32g0xx_hal_uart.c.obj
 .text.UART_RxISR_16BIT
                0x08004864       0xe0 cmake/stm32cubemx/CMakeFiles/STM32_Drivers.dir/__/__/Drivers/STM32G0xx_HAL_Driver/Src/stm32g0xx_hal_uart.c.obj
 .text.UART_RxISR_8BIT_FIFOEN
                0x08004944      0x1d4 cmake/stm32cubemx/CMakeFiles/STM32_Drivers.dir/__/__/Drivers/STM32G0xx_HAL_Driver/Src/stm32g0xx_hal_uart.c.obj
 .text.UART_RxISR_16BIT_FIFOEN
                0x08004b18      0x1d0 cmake/stm32cubemx/CMakeFiles/STM32_Drivers.dir/__/__/Drivers/STM32G0xx_HAL_Driver/Src/stm32g0xx_hal_uart.c.obj
 .text.UART_DMARxHalfCplt
                0x08004ce8       0x3a cmake/stm32cubemx/CMakeFiles/STM32_Drivers.dir/__/__/Drivers/STM32G0xx_HAL_Driver/Src/stm32g0xx_hal_uart.c.obj
 *fill*         0x08004d22        0x2 
 .text.UART_DMAReceiveCplt
                0x08004d24       0xa8 cmake/stm32cubemx/CMakeFiles/STM32_Drivers.dir/__/__/Drivers/STM32G0xx_HAL_Driver/Src/stm32g0xx_hal_uart.c.obj
 .text.UART_SetConfig
                0x08004dcc      0x1e4 cmake/stm32cubemx/CMakeFiles/STM32_Drivers.dir/__/__/Drivers/STM32G0xx_HAL_Driver/Src/stm32g0xx_hal_uart.c.obj
                0x08004dcc                UART_SetConfig
 .text.UART_AdvFeatureConfig
                0x08004fb0       0xd0 cmake/stm32cubemx/CMakeFiles/STM32_Drivers.dir/__/__/Drivers/STM32G0xx_HAL_Driver/Src/stm32g0xx_hal_uart.c.obj
                0x08004fb0                UART_AdvFeatureConfig
 .text.UART_WaitOnFlagUntilTimeout
                0x08005080       0x92 cmake/stm32cubemx/CMakeFiles/STM32_Drivers.dir/__/__/Drivers/STM32G0xx_HAL_Driver/Src/stm32g0xx_hal_uart.c.obj
                0x08005080                UART_WaitOnFlagUntilTimeout
 .text.HAL_UART_Transmit
                0x08005112       0xe2 cmake/stm32cubemx/CMakeFiles/STM32_Drivers.dir/__/__/Drivers/STM32G0xx_HAL_Driver/Src/stm32g0xx_hal_uart.c.obj
                0x08005112                HAL_UART_Transmit
 .text.UART_CheckIdleState
                0x080051f4       0xc8 cmake/stm32cubemx/CMakeFiles/STM32_Drivers.dir/__/__/Drivers/STM32G0xx_HAL_Driver/Src/stm32g0xx_hal_uart.c.obj
                0x080051f4                UART_CheckIdleState
 .text.HAL_UART_Init
                0x080052bc       0x68 cmake/stm32cubemx/CMakeFiles/STM32_Drivers.dir/__/__/Drivers/STM32G0xx_HAL_Driver/Src/stm32g0xx_hal_uart.c.obj
                0x080052bc                HAL_UART_Init
 .text.UART_Start_Receive_IT
                0x08005324      0x134 cmake/stm32cubemx/CMakeFiles/STM32_Drivers.dir/__/__/Drivers/STM32G0xx_HAL_Driver/Src/stm32g0xx_hal_uart.c.obj
                0x08005324                UART_Start_Receive_IT
 .text.UART_Start_Receive_DMA
                0x08005458       0xac cmake/stm32cubemx/CMakeFiles/STM32_Drivers.dir/__/__/Drivers/STM32G0xx_HAL_Driver/Src/stm32g0xx_hal_uart.c.obj
                0x08005458                UART_Start_Receive_DMA
 .text.HAL_UART_Receive_DMA
                0x08005504       0x68 cmake/stm32cubemx/CMakeFiles/STM32_Drivers.dir/__/__/Drivers/STM32G0xx_HAL_Driver/Src/stm32g0xx_hal_uart.c.obj
                0x08005504                HAL_UART_Receive_DMA
 .text.UARTEx_SetNbDataToProcess
                0x0800556c       0x50 cmake/stm32cubemx/CMakeFiles/STM32_Drivers.dir/__/__/Drivers/STM32G0xx_HAL_Driver/Src/stm32g0xx_hal_uart_ex.c.obj
 .text.HAL_UARTEx_WakeupCallback
                0x080055bc        0x2 cmake/stm32cubemx/CMakeFiles/STM32_Drivers.dir/__/__/Drivers/STM32G0xx_HAL_Driver/Src/stm32g0xx_hal_uart_ex.c.obj
                0x080055bc                HAL_UARTEx_WakeupCallback
 .text.HAL_UARTEx_RxFifoFullCallback
                0x080055be        0x2 cmake/stm32cubemx/CMakeFiles/STM32_Drivers.dir/__/__/Drivers/STM32G0xx_HAL_Driver/Src/stm32g0xx_hal_uart_ex.c.obj
                0x080055be                HAL_UARTEx_RxFifoFullCallback
 .text.HAL_UARTEx_TxFifoEmptyCallback
                0x080055c0        0x2 cmake/stm32cubemx/CMakeFiles/STM32_Drivers.dir/__/__/Drivers/STM32G0xx_HAL_Driver/Src/stm32g0xx_hal_uart_ex.c.obj
                0x080055c0                HAL_UARTEx_TxFifoEmptyCallback
 *fill*         0x080055c2        0x2 
 .text.HAL_UARTEx_DisableFifoMode
                0x080055c4       0x3c cmake/stm32cubemx/CMakeFiles/STM32_Drivers.dir/__/__/Drivers/STM32G0xx_HAL_Driver/Src/stm32g0xx_hal_uart_ex.c.obj
                0x080055c4                HAL_UARTEx_DisableFifoMode
 .text.HAL_UARTEx_SetTxFifoThreshold
                0x08005600       0x40 cmake/stm32cubemx/CMakeFiles/STM32_Drivers.dir/__/__/Drivers/STM32G0xx_HAL_Driver/Src/stm32g0xx_hal_uart_ex.c.obj
                0x08005600                HAL_UARTEx_SetTxFifoThreshold
 .text.HAL_UARTEx_SetRxFifoThreshold
                0x08005640       0x44 cmake/stm32cubemx/CMakeFiles/STM32_Drivers.dir/__/__/Drivers/STM32G0xx_HAL_Driver/Src/stm32g0xx_hal_uart_ex.c.obj
                0x08005640                HAL_UARTEx_SetRxFifoThreshold
 .text.HAL_UARTEx_ReceiveToIdle_IT
                0x08005684       0x62 cmake/stm32cubemx/CMakeFiles/STM32_Drivers.dir/__/__/Drivers/STM32G0xx_HAL_Driver/Src/stm32g0xx_hal_uart_ex.c.obj
                0x08005684                HAL_UARTEx_ReceiveToIdle_IT
 .text.SystemClock_Config
                0x080056e6       0x7e CMakeFiles/solar_imu.dir/Core/Src/main.c.obj
                0x080056e6                SystemClock_Config
 .text.startup.main
                0x08005764      0x298 CMakeFiles/solar_imu.dir/Core/Src/main.c.obj
                0x08005764                main
 .text.HAL_UARTEx_RxEventCallback
                0x080059fc       0x48 CMakeFiles/solar_imu.dir/Core/Src/main.c.obj
                0x080059fc                HAL_UARTEx_RxEventCallback
 .text.HAL_UART_ErrorCallback
                0x08005a44       0x48 CMakeFiles/solar_imu.dir/Core/Src/main.c.obj
                0x08005a44                HAL_UART_ErrorCallback
 .text.HAL_RTCEx_WakeUpTimerEventCallback
                0x08005a8c       0x34 CMakeFiles/solar_imu.dir/Core/Src/main.c.obj
                0x08005a8c                HAL_RTCEx_WakeUpTimerEventCallback
 .text.HAL_GPIO_EXTI_Rising_Callback
                0x08005ac0       0x2c CMakeFiles/solar_imu.dir/Core/Src/main.c.obj
                0x08005ac0                HAL_GPIO_EXTI_Rising_Callback
 .text.HAL_GPIO_EXTI_Falling_Callback
                0x08005aec       0x18 CMakeFiles/solar_imu.dir/Core/Src/main.c.obj
                0x08005aec                HAL_GPIO_EXTI_Falling_Callback
 .text.Error_Handler
                0x08005b04        0x4 CMakeFiles/solar_imu.dir/Core/Src/main.c.obj
                0x08005b04                Error_Handler
 .text.MX_GPIO_Init
                0x08005b08       0xa4 CMakeFiles/solar_imu.dir/Core/Src/gpio.c.obj
                0x08005b08                MX_GPIO_Init
 .text.MX_ADC1_Init
                0x08005bac       0x80 CMakeFiles/solar_imu.dir/Core/Src/adc.c.obj
                0x08005bac                MX_ADC1_Init
 .text.HAL_ADC_MspInit
                0x08005c2c       0x5c CMakeFiles/solar_imu.dir/Core/Src/adc.c.obj
                0x08005c2c                HAL_ADC_MspInit
 .text.ADC_Get_Battery_Voltage
                0x08005c88      0x108 CMakeFiles/solar_imu.dir/Core/Src/adc.c.obj
                0x08005c88                ADC_Get_Battery_Voltage
 .text.MX_DMA_Init
                0x08005d90       0x3c CMakeFiles/solar_imu.dir/Core/Src/dma.c.obj
                0x08005d90                MX_DMA_Init
 .text.MX_I2C2_Init
                0x08005dcc       0x5c CMakeFiles/solar_imu.dir/Core/Src/i2c.c.obj
                0x08005dcc                MX_I2C2_Init
 .text.HAL_I2C_MspInit
                0x08005e28       0x60 CMakeFiles/solar_imu.dir/Core/Src/i2c.c.obj
                0x08005e28                HAL_I2C_MspInit
 .text.MX_IWDG_Init
                0x08005e88       0x2c CMakeFiles/solar_imu.dir/Core/Src/iwdg.c.obj
                0x08005e88                MX_IWDG_Init
 .text.MX_RTC_Init
                0x08005eb4       0x98 CMakeFiles/solar_imu.dir/Core/Src/rtc.c.obj
                0x08005eb4                MX_RTC_Init
 .text.HAL_RTC_MspInit
                0x08005f4c       0x6c CMakeFiles/solar_imu.dir/Core/Src/rtc.c.obj
                0x08005f4c                HAL_RTC_MspInit
 .text.MX_USART1_UART_Init
                0x08005fb8       0x6c CMakeFiles/solar_imu.dir/Core/Src/usart.c.obj
                0x08005fb8                MX_USART1_UART_Init
 .text.MX_USART2_UART_Init
                0x08006024       0x3c CMakeFiles/solar_imu.dir/Core/Src/usart.c.obj
                0x08006024                MX_USART2_UART_Init
 .text.HAL_UART_MspInit
                0x08006060      0x14c CMakeFiles/solar_imu.dir/Core/Src/usart.c.obj
                0x08006060                HAL_UART_MspInit
 .text.NMI_Handler
                0x080061ac        0x2 CMakeFiles/solar_imu.dir/Core/Src/stm32g0xx_it.c.obj
                0x080061ac                NMI_Handler
 .text.HardFault_Handler
                0x080061ae        0x2 CMakeFiles/solar_imu.dir/Core/Src/stm32g0xx_it.c.obj
                0x080061ae                HardFault_Handler
 .text.SVC_Handler
                0x080061b0        0x2 CMakeFiles/solar_imu.dir/Core/Src/stm32g0xx_it.c.obj
                0x080061b0                SVC_Handler
 .text.PendSV_Handler
                0x080061b2        0x2 CMakeFiles/solar_imu.dir/Core/Src/stm32g0xx_it.c.obj
                0x080061b2                PendSV_Handler
 .text.SysTick_Handler
                0x080061b4        0x8 CMakeFiles/solar_imu.dir/Core/Src/stm32g0xx_it.c.obj
                0x080061b4                SysTick_Handler
 .text.RTC_TAMP_IRQHandler
                0x080061bc       0x10 CMakeFiles/solar_imu.dir/Core/Src/stm32g0xx_it.c.obj
                0x080061bc                RTC_TAMP_IRQHandler
 .text.EXTI0_1_IRQHandler
                0x080061cc        0xa CMakeFiles/solar_imu.dir/Core/Src/stm32g0xx_it.c.obj
                0x080061cc                EXTI0_1_IRQHandler
 *fill*         0x080061d6        0x2 
 .text.DMA1_Channel1_IRQHandler
                0x080061d8       0x10 CMakeFiles/solar_imu.dir/Core/Src/stm32g0xx_it.c.obj
                0x080061d8                DMA1_Channel1_IRQHandler
 .text.DMA1_Channel2_3_IRQHandler
                0x080061e8       0x10 CMakeFiles/solar_imu.dir/Core/Src/stm32g0xx_it.c.obj
                0x080061e8                DMA1_Channel2_3_IRQHandler
 .text.USART1_IRQHandler
                0x080061f8       0x20 CMakeFiles/solar_imu.dir/Core/Src/stm32g0xx_it.c.obj
                0x080061f8                USART1_IRQHandler
 .text.USART2_IRQHandler
                0x08006218       0x10 CMakeFiles/solar_imu.dir/Core/Src/stm32g0xx_it.c.obj
                0x08006218                USART2_IRQHandler
 .text.EXTI2_3_IRQHandler
                0x08006228        0xa CMakeFiles/solar_imu.dir/Core/Src/stm32g0xx_it.c.obj
                0x08006228                EXTI2_3_IRQHandler
 *fill*         0x08006232        0x2 
 .text.HAL_UART_TxCpltCallback
                0x08006234       0x24 CMakeFiles/solar_imu.dir/Core/Src/stm32g0xx_it.c.obj
                0x08006234                HAL_UART_TxCpltCallback
 .text.HAL_MspInit
                0x08006258       0x30 CMakeFiles/solar_imu.dir/Core/Src/stm32g0xx_hal_msp.c.obj
                0x08006258                HAL_MspInit
 .text._sbrk    0x08006288       0x40 CMakeFiles/solar_imu.dir/Core/Src/sysmem.c.obj
                0x08006288                _sbrk
 .text.Reset_Handler
                0x080062c8       0x50 CMakeFiles/solar_imu.dir/startup_stm32g031xx.s.obj
                0x080062c8                Reset_Handler
 .text.Default_Handler
                0x08006318        0x2 CMakeFiles/solar_imu.dir/startup_stm32g031xx.s.obj
                0x08006318                TIM1_CC_IRQHandler
                0x08006318                PVD_IRQHandler
                0x08006318                I2C1_IRQHandler
                0x08006318                LPTIM2_IRQHandler
                0x08006318                SPI1_IRQHandler
                0x08006318                DMA1_Ch4_5_DMAMUX1_OVR_IRQHandler
                0x08006318                ADC1_IRQHandler
                0x08006318                I2C2_IRQHandler
                0x08006318                TIM17_IRQHandler
                0x08006318                TIM16_IRQHandler
                0x08006318                TIM3_IRQHandler
                0x08006318                EXTI4_15_IRQHandler
                0x08006318                RCC_IRQHandler
                0x08006318                Default_Handler
                0x08006318                TIM14_IRQHandler
                0x08006318                SPI2_IRQHandler
                0x08006318                WWDG_IRQHandler
                0x08006318                LPUART1_IRQHandler
                0x08006318                TIM2_IRQHandler
                0x08006318                FLASH_IRQHandler
                0x08006318                TIM1_BRK_UP_TRG_COM_IRQHandler
                0x08006318                LPTIM1_IRQHandler
 *fill*         0x0800631a        0x2 
 .text.ML307C_DelayWithPoll
                0x0800631c       0x2c CMakeFiles/solar_imu.dir/Core/Src/at_ml307c.c.obj
 .text.ML307C_Get_IMEI_Str
                0x08006348       0x18 CMakeFiles/solar_imu.dir/Core/Src/at_ml307c.c.obj
                0x08006348                ML307C_Get_IMEI_Str
 .text.ML307C_Has_IMEI
                0x08006360       0x10 CMakeFiles/solar_imu.dir/Core/Src/at_ml307c.c.obj
                0x08006360                ML307C_Has_IMEI
 .text.ML307C_Get_RxBuffer
                0x08006370        0x8 CMakeFiles/solar_imu.dir/Core/Src/at_ml307c.c.obj
                0x08006370                ML307C_Get_RxBuffer
 .text.ML307C_Clear_Buffer
                0x08006378       0x28 CMakeFiles/solar_imu.dir/Core/Src/at_ml307c.c.obj
                0x08006378                ML307C_Clear_Buffer
 .text.ML307C_Send_CMD
                0x080063a0      0x110 CMakeFiles/solar_imu.dir/Core/Src/at_ml307c.c.obj
                0x080063a0                ML307C_Send_CMD
 .text.ML307C_Get_IMEI
                0x080064b0       0x9c CMakeFiles/solar_imu.dir/Core/Src/at_ml307c.c.obj
                0x080064b0                ML307C_Get_IMEI
 .text.ML307C_Wait_Network
                0x0800654c      0x128 CMakeFiles/solar_imu.dir/Core/Src/at_ml307c.c.obj
                0x0800654c                ML307C_Wait_Network
 .text.ML307C_MQTT_Connect
                0x08006674       0x78 CMakeFiles/solar_imu.dir/Core/Src/at_ml307c.c.obj
                0x08006674                ML307C_MQTT_Connect
 .text.ML307C_MQTT_PublishEx
                0x080066ec       0x60 CMakeFiles/solar_imu.dir/Core/Src/at_ml307c.c.obj
                0x080066ec                ML307C_MQTT_PublishEx
 .text.ML307C_MQTT_Publish
                0x0800674c        0xa CMakeFiles/solar_imu.dir/Core/Src/at_ml307c.c.obj
                0x0800674c                ML307C_MQTT_Publish
 *fill*         0x08006756        0x2 
 .text.ML307C_Wait_URC
                0x08006758       0xa0 CMakeFiles/solar_imu.dir/Core/Src/at_ml307c.c.obj
                0x08006758                ML307C_Wait_URC
 .text.ML307C_Begin_PowerOn
                0x080067f8       0x1c CMakeFiles/solar_imu.dir/Core/Src/at_ml307c.c.obj
                0x080067f8                ML307C_Begin_PowerOn
 .text.ML307C_End_PowerOn_Pulse
                0x08006814       0x14 CMakeFiles/solar_imu.dir/Core/Src/at_ml307c.c.obj
                0x08006814                ML307C_End_PowerOn_Pulse
 .text.ML307C_Poll_MATREADY
                0x08006828       0x60 CMakeFiles/solar_imu.dir/Core/Src/at_ml307c.c.obj
                0x08006828                ML307C_Poll_MATREADY
 .text.ML307C_Is_Powered
                0x08006888       0x1c CMakeFiles/solar_imu.dir/Core/Src/at_ml307c.c.obj
                0x08006888                ML307C_Is_Powered
 .text.Turn_On_ML307C
                0x080068a4       0x18 CMakeFiles/solar_imu.dir/Core/Src/at_ml307c.c.obj
                0x080068a4                Turn_On_ML307C
 .text.Turn_Off_ML307C
                0x080068bc       0x80 CMakeFiles/solar_imu.dir/Core/Src/at_ml307c.c.obj
                0x080068bc                Turn_Off_ML307C
 .text.ML307C_Hard_Reset
                0x0800693c       0x30 CMakeFiles/solar_imu.dir/Core/Src/at_ml307c.c.obj
                0x0800693c                ML307C_Hard_Reset
 .text.ML307C_GPS_Start
                0x0800696c       0x20 CMakeFiles/solar_imu.dir/Core/Src/at_ml307c.c.obj
                0x0800696c                ML307C_GPS_Start
 .text.ML307C_GPS_Parse
                0x0800698c      0x284 CMakeFiles/solar_imu.dir/Core/Src/at_ml307c.c.obj
                0x0800698c                ML307C_GPS_Parse
 .text.ML307C_Get_LBS_Info
                0x08006c10      0x24c CMakeFiles/solar_imu.dir/Core/Src/at_ml307c.c.obj
                0x08006c10                ML307C_Get_LBS_Info
 .text.ML307C_Send_EventReport
                0x08006e5c      0x198 CMakeFiles/solar_imu.dir/Core/Src/at_ml307c.c.obj
                0x08006e5c                ML307C_Send_EventReport
 .text.ML307C_Sync_RTC
                0x08006ff4      0x128 CMakeFiles/solar_imu.dir/Core/Src/at_ml307c.c.obj
                0x08006ff4                ML307C_Sync_RTC
 .text.lsm6ds3tr_c_hal_read
                0x0800711c       0x1e CMakeFiles/solar_imu.dir/Core/Src/lsm6ds.c.obj
 .text.lsm6ds3tr_c_hal_write
                0x0800713a       0x1e CMakeFiles/solar_imu.dir/Core/Src/lsm6ds.c.obj
 .text.LSM6DS_Init
                0x08007158       0x78 CMakeFiles/solar_imu.dir/Core/Src/lsm6ds.c.obj
                0x08007158                LSM6DS_Init
 .text.LSM6DS_Read_Storage
                0x080071d0       0xa0 CMakeFiles/solar_imu.dir/Core/Src/lsm6ds.c.obj
                0x080071d0                LSM6DS_Read_Storage
 .text.LSM6DS_Set_Active_Mode
                0x08007270       0x74 CMakeFiles/solar_imu.dir/Core/Src/lsm6ds.c.obj
                0x08007270                LSM6DS_Set_Active_Mode
 .text.LSM6DS_Clear_All_Interrupts_Ex
                0x080072e4       0x64 CMakeFiles/solar_imu.dir/Core/Src/lsm6ds.c.obj
                0x080072e4                LSM6DS_Clear_All_Interrupts_Ex
 .text.LSM6DS_Set_Sleep_Mode
                0x08007348       0x98 CMakeFiles/solar_imu.dir/Core/Src/lsm6ds.c.obj
                0x08007348                LSM6DS_Set_Sleep_Mode
 .text.LSM6DS_Config_Gatekeeper
                0x080073e0      0x10c CMakeFiles/solar_imu.dir/Core/Src/lsm6ds.c.obj
                0x080073e0                LSM6DS_Config_Gatekeeper
 .text.LSM6DS_Get_Gatekeeper_Diag
                0x080074ec       0x30 CMakeFiles/solar_imu.dir/Core/Src/lsm6ds.c.obj
                0x080074ec                LSM6DS_Get_Gatekeeper_Diag
 .text.lsm6ds3tr_c_read_reg
                0x0800751c       0x14 CMakeFiles/solar_imu.dir/Core/Src/lsm6ds3tr-c_reg.c.obj
                0x0800751c                lsm6ds3tr_c_read_reg
 .text.lsm6ds3tr_c_write_reg
                0x08007530       0x14 CMakeFiles/solar_imu.dir/Core/Src/lsm6ds3tr-c_reg.c.obj
                0x08007530                lsm6ds3tr_c_write_reg
 .text.lsm6ds3tr_c_xl_full_scale_set
                0x08007544       0x36 CMakeFiles/solar_imu.dir/Core/Src/lsm6ds3tr-c_reg.c.obj
                0x08007544                lsm6ds3tr_c_xl_full_scale_set
 .text.lsm6ds3tr_c_xl_data_rate_set
                0x0800757a       0x32 CMakeFiles/solar_imu.dir/Core/Src/lsm6ds3tr-c_reg.c.obj
                0x0800757a                lsm6ds3tr_c_xl_data_rate_set
 .text.lsm6ds3tr_c_gy_full_scale_set
                0x080075ac       0x36 CMakeFiles/solar_imu.dir/Core/Src/lsm6ds3tr-c_reg.c.obj
                0x080075ac                lsm6ds3tr_c_gy_full_scale_set
 .text.lsm6ds3tr_c_gy_data_rate_set
                0x080075e2       0x32 CMakeFiles/solar_imu.dir/Core/Src/lsm6ds3tr-c_reg.c.obj
                0x080075e2                lsm6ds3tr_c_gy_data_rate_set
 .text.lsm6ds3tr_c_xl_power_mode_set
                0x08007614       0x34 CMakeFiles/solar_imu.dir/Core/Src/lsm6ds3tr-c_reg.c.obj
                0x08007614                lsm6ds3tr_c_xl_power_mode_set
 .text.lsm6ds3tr_c_gy_power_mode_set
                0x08007648       0x32 CMakeFiles/solar_imu.dir/Core/Src/lsm6ds3tr-c_reg.c.obj
                0x08007648                lsm6ds3tr_c_gy_power_mode_set
 .text.lsm6ds3tr_c_angular_rate_raw_get
                0x0800767a       0x26 CMakeFiles/solar_imu.dir/Core/Src/lsm6ds3tr-c_reg.c.obj
                0x0800767a                lsm6ds3tr_c_angular_rate_raw_get
 .text.lsm6ds3tr_c_acceleration_raw_get
                0x080076a0       0x26 CMakeFiles/solar_imu.dir/Core/Src/lsm6ds3tr-c_reg.c.obj
                0x080076a0                lsm6ds3tr_c_acceleration_raw_get
 .text.lsm6ds3tr_c_device_id_get
                0x080076c6        0xe CMakeFiles/solar_imu.dir/Core/Src/lsm6ds3tr-c_reg.c.obj
                0x080076c6                lsm6ds3tr_c_device_id_get
 .text.lsm6ds3tr_c_reset_set
                0x080076d4       0x2e CMakeFiles/solar_imu.dir/Core/Src/lsm6ds3tr-c_reg.c.obj
                0x080076d4                lsm6ds3tr_c_reset_set
 .text.lsm6ds3tr_c_pin_int1_route_set
                0x08007702      0x108 CMakeFiles/solar_imu.dir/Core/Src/lsm6ds3tr-c_reg.c.obj
                0x08007702                lsm6ds3tr_c_pin_int1_route_set
 .text.lsm6ds3tr_c_pin_int1_route_get
                0x0800780a       0xd8 CMakeFiles/solar_imu.dir/Core/Src/lsm6ds3tr-c_reg.c.obj
                0x0800780a                lsm6ds3tr_c_pin_int1_route_get
 .text.lsm6ds3tr_c_pin_mode_set
                0x080078e2       0x34 CMakeFiles/solar_imu.dir/Core/Src/lsm6ds3tr-c_reg.c.obj
                0x080078e2                lsm6ds3tr_c_pin_mode_set
 .text.lsm6ds3tr_c_pin_polarity_set
                0x08007916       0x34 CMakeFiles/solar_imu.dir/Core/Src/lsm6ds3tr-c_reg.c.obj
                0x08007916                lsm6ds3tr_c_pin_polarity_set
 .text.lsm6ds3tr_c_int_notification_set
                0x0800794a       0x2e CMakeFiles/solar_imu.dir/Core/Src/lsm6ds3tr-c_reg.c.obj
                0x0800794a                lsm6ds3tr_c_int_notification_set
 .text.lsm6ds3tr_c_wkup_threshold_set
                0x08007978       0x30 CMakeFiles/solar_imu.dir/Core/Src/lsm6ds3tr-c_reg.c.obj
                0x08007978                lsm6ds3tr_c_wkup_threshold_set
 .text.lsm6ds3tr_c_wkup_dur_set
                0x080079a8       0x36 CMakeFiles/solar_imu.dir/Core/Src/lsm6ds3tr-c_reg.c.obj
                0x080079a8                lsm6ds3tr_c_wkup_dur_set
 .text.lsm6ds3tr_c_6d_feed_data_set
                0x080079de       0x2e CMakeFiles/solar_imu.dir/Core/Src/lsm6ds3tr-c_reg.c.obj
                0x080079de                lsm6ds3tr_c_6d_feed_data_set
 .text.lsm6ds3tr_c_6d_threshold_set
                0x08007a0c       0x36 CMakeFiles/solar_imu.dir/Core/Src/lsm6ds3tr-c_reg.c.obj
                0x08007a0c                lsm6ds3tr_c_6d_threshold_set
 .text.lsm6ds3tr_c_4d_mode_set
                0x08007a42       0x32 CMakeFiles/solar_imu.dir/Core/Src/lsm6ds3tr-c_reg.c.obj
                0x08007a42                lsm6ds3tr_c_4d_mode_set
 .text.ring_push
                0x08007a74       0x3c CMakeFiles/solar_imu.dir/Core/Src/uart_driver.c.obj
 .text.UART_Driver_Init
                0x08007ab0       0xc8 CMakeFiles/solar_imu.dir/Core/Src/uart_driver.c.obj
                0x08007ab0                UART_Driver_Init
 .text.UART1_DMA_Rx_Idle_Callback
                0x08007b78       0x70 CMakeFiles/solar_imu.dir/Core/Src/uart_driver.c.obj
                0x08007b78                UART1_DMA_Rx_Idle_Callback
 .text.UART1_TxDMA_Complete_Callback
                0x08007be8        0xc CMakeFiles/solar_imu.dir/Core/Src/uart_driver.c.obj
                0x08007be8                UART1_TxDMA_Complete_Callback
 .text.UART2_TxDMA_Complete_Callback
                0x08007bf4        0xc CMakeFiles/solar_imu.dir/Core/Src/uart_driver.c.obj
                0x08007bf4                UART2_TxDMA_Complete_Callback
 .text.UART_Read
                0x08007c00       0x46 CMakeFiles/solar_imu.dir/Core/Src/uart_driver.c.obj
                0x08007c00                UART_Read
 .text.UART_FlushRx
                0x08007c46        0xe CMakeFiles/solar_imu.dir/Core/Src/uart_driver.c.obj
                0x08007c46                UART_FlushRx
 .text.UART1_StopReceive
                0x08007c54       0x28 CMakeFiles/solar_imu.dir/Core/Src/uart_driver.c.obj
                0x08007c54                UART1_StopReceive
 .text.UART1_RestartReceive
                0x08007c7c       0x5c CMakeFiles/solar_imu.dir/Core/Src/uart_driver.c.obj
                0x08007c7c                UART1_RestartReceive
 .text.UART_Available
                0x08007cd8        0x6 CMakeFiles/solar_imu.dir/Core/Src/uart_driver.c.obj
                0x08007cd8                UART_Available
 *fill*         0x08007cde        0x2 
 .text.EventStore_Crc32.constprop.0
                0x08007ce0       0x3c CMakeFiles/solar_imu.dir/Core/Src/event_store.c.obj
 .text.EventStore_IsValid
                0x08007d1c       0x3c CMakeFiles/solar_imu.dir/Core/Src/event_store.c.obj
 .text.EventStore_Save
                0x08007d58      0x184 CMakeFiles/solar_imu.dir/Core/Src/event_store.c.obj
 .text.EventStore_Init
                0x08007edc       0xc8 CMakeFiles/solar_imu.dir/Core/Src/event_store.c.obj
                0x08007edc                EventStore_Init
 .text.EventStore_Count
                0x08007fa4        0xc CMakeFiles/solar_imu.dir/Core/Src/event_store.c.obj
                0x08007fa4                EventStore_Count
 .text.EventStore_Get
                0x08007fb0       0x30 CMakeFiles/solar_imu.dir/Core/Src/event_store.c.obj
                0x08007fb0                EventStore_Get
 .text.EventStore_Enqueue
                0x08007fe0       0xcc CMakeFiles/solar_imu.dir/Core/Src/event_store.c.obj
                0x08007fe0                EventStore_Enqueue
 .text.EventStore_Remove
                0x080080ac       0x5c CMakeFiles/solar_imu.dir/Core/Src/event_store.c.obj
                0x080080ac                EventStore_Remove
 .text.EventStore_Clear
                0x08008108        0xc CMakeFiles/solar_imu.dir/Core/Src/event_store.c.obj
                0x08008108                EventStore_Clear
 .text.ServiceProtocol_Crc16Update
                0x08008114       0x24 CMakeFiles/solar_imu.dir/Core/Src/service_protocol.c.obj
 .text.ServiceProtocol_FrameCrc
                0x08008138       0x3c CMakeFiles/solar_imu.dir/Core/Src/service_protocol.c.obj
 .text.ServiceProtocol_ResetParser
                0x08008174       0x2c CMakeFiles/solar_imu.dir/Core/Src/service_protocol.c.obj
 .text.ServiceProtocol_Increment
                0x080081a0       0x18 CMakeFiles/solar_imu.dir/Core/Src/service_protocol.c.obj
 .text.ServiceProtocol_QueueError
                0x080081b8       0x54 CMakeFiles/solar_imu.dir/Core/Src/service_protocol.c.obj
 .text.ServiceProtocol_ExpirePartial
                0x0800820c       0x2c CMakeFiles/solar_imu.dir/Core/Src/service_protocol.c.obj
 .text.ServiceProtocol_Init
                0x08008238       0x68 CMakeFiles/solar_imu.dir/Core/Src/service_protocol.c.obj
                0x08008238                ServiceProtocol_Init
 .text.ServiceProtocol_Feed
                0x080082a0      0x1a0 CMakeFiles/solar_imu.dir/Core/Src/service_protocol.c.obj
                0x080082a0                ServiceProtocol_Feed
 .text.ServiceProtocol_Poll
                0x08008440       0x10 CMakeFiles/solar_imu.dir/Core/Src/service_protocol.c.obj
                0x08008440                ServiceProtocol_Poll
 .text.ServiceProtocol_GetFrame
                0x08008450       0x4c CMakeFiles/solar_imu.dir/Core/Src/service_protocol.c.obj
                0x08008450                ServiceProtocol_GetFrame
 .text.ServiceProtocol_GetError
                0x0800849c       0x64 CMakeFiles/solar_imu.dir/Core/Src/service_protocol.c.obj
                0x0800849c                ServiceProtocol_GetError
 .text.ServiceProtocol_GetWakePing
                0x08008500       0x24 CMakeFiles/solar_imu.dir/Core/Src/service_protocol.c.obj
                0x08008500                ServiceProtocol_GetWakePing
 .text.ServiceProtocol_ResetReceiver
                0x08008524       0x2c CMakeFiles/solar_imu.dir/Core/Src/service_protocol.c.obj
                0x08008524                ServiceProtocol_ResetReceiver
 .text.ServiceProtocol_NotifyUartError
                0x08008550       0x20 CMakeFiles/solar_imu.dir/Core/Src/service_protocol.c.obj
                0x08008550                ServiceProtocol_NotifyUartError
 .text.ServiceProtocol_GetDropCount
                0x08008570        0xc CMakeFiles/solar_imu.dir/Core/Src/service_protocol.c.obj
                0x08008570                ServiceProtocol_GetDropCount
 .text.ServiceProtocol_GetTimeoutCount
                0x0800857c        0xc CMakeFiles/solar_imu.dir/Core/Src/service_protocol.c.obj
                0x0800857c                ServiceProtocol_GetTimeoutCount
 .text.ServiceProtocol_GetUartErrorCount
                0x08008588        0xc CMakeFiles/solar_imu.dir/Core/Src/service_protocol.c.obj
                0x08008588                ServiceProtocol_GetUartErrorCount
 .text.ServiceProtocol_SendResponse
                0x08008594       0xe0 CMakeFiles/solar_imu.dir/Core/Src/service_protocol.c.obj
                0x08008594                ServiceProtocol_SendResponse
 .text.ServiceProtocol_SendWakeAck
                0x08008674       0x12 CMakeFiles/solar_imu.dir/Core/Src/service_protocol.c.obj
                0x08008674                ServiceProtocol_SendWakeAck
 *fill*         0x08008686        0x2 
 .text.Config_Save
                0x08008688       0x40 CMakeFiles/solar_imu.dir/Core/Src/sys_config.c.obj
                0x08008688                Config_Save
 .text.Config_Load
                0x080086c8       0xb0 CMakeFiles/solar_imu.dir/Core/Src/sys_config.c.obj
                0x080086c8                Config_Load
 .text.Parse_Json_Int
                0x08008778       0x58 CMakeFiles/solar_imu.dir/Core/Src/sys_config.c.obj
                0x08008778                Parse_Json_Int
 .text.Check_MQTT_Downlink
                0x080087d0      0x1c8 CMakeFiles/solar_imu.dir/Core/Src/sys_config.c.obj
                0x080087d0                Check_MQTT_Downlink
 .text.ADC_Get_Battery_Voltage_Avg
                0x08008998       0x24 CMakeFiles/solar_imu.dir/Core/Src/power_manager.c.obj
                0x08008998                ADC_Get_Battery_Voltage_Avg
 .text.Volt_Fuse_Check
                0x080089bc       0x58 CMakeFiles/solar_imu.dir/Core/Src/power_manager.c.obj
                0x080089bc                Volt_Fuse_Check
 .text.RTC_Get_Context
                0x08008a14      0x104 CMakeFiles/solar_imu.dir/Core/Src/rtc_utils.c.obj
                0x08008a14                RTC_Get_Context
 .text.Handle_Service_Frame
                0x08008b18      0x42c CMakeFiles/solar_imu.dir/Core/Src/service_handler.c.obj
                0x08008b18                Handle_Service_Frame
 .text.Service_UART2_Recover
                0x08008f44       0x38 CMakeFiles/solar_imu.dir/Core/Src/service_handler.c.obj
                0x08008f44                Service_UART2_Recover
 .text.Service_UART1_Recover
                0x08008f7c       0x1c CMakeFiles/solar_imu.dir/Core/Src/service_handler.c.obj
                0x08008f7c                Service_UART1_Recover
 .text.Service_Task
                0x08008f98       0xb4 CMakeFiles/solar_imu.dir/Core/Src/service_handler.c.obj
                0x08008f98                Service_Task
 .text.ML307C_Background_Poll
                0x0800904c        0xa CMakeFiles/solar_imu.dir/Core/Src/service_handler.c.obj
                0x0800904c                ML307C_Background_Poll
 *fill*         0x08009056        0x2 
 .text.Delay_With_Service
                0x08009058       0x30 CMakeFiles/solar_imu.dir/Core/Src/service_handler.c.obj
                0x08009058                Delay_With_Service
 .text.Clamp_Int16
                0x08009088       0x3c CMakeFiles/solar_imu.dir/Core/Src/event_report.c.obj
 .text.Read_LE16
                0x080090c4        0xa CMakeFiles/solar_imu.dir/Core/Src/event_report.c.obj
                0x080090c4                Read_LE16
 .text.Read_LE32
                0x080090ce       0x16 CMakeFiles/solar_imu.dir/Core/Src/event_report.c.obj
                0x080090ce                Read_LE32
 .text.Write_LE16
                0x080090e4        0x8 CMakeFiles/solar_imu.dir/Core/Src/event_report.c.obj
                0x080090e4                Write_LE16
 .text.Write_LE32
                0x080090ec       0x10 CMakeFiles/solar_imu.dir/Core/Src/event_report.c.obj
                0x080090ec                Write_LE32
 .text.Schedule_Network_Retry
                0x080090fc       0x40 CMakeFiles/solar_imu.dir/Core/Src/event_report.c.obj
                0x080090fc                Schedule_Network_Retry
 .text.Clear_Network_Retry
                0x0800913c       0x14 CMakeFiles/solar_imu.dir/Core/Src/event_report.c.obj
                0x0800913c                Clear_Network_Retry
 .text.Capture_Event_And_Start_Modem
                0x08009150      0x2dc CMakeFiles/solar_imu.dir/Core/Src/event_report.c.obj
                0x08009150                Capture_Event_And_Start_Modem
 .text.Run_Event_Report
                0x0800942c      0x5bc CMakeFiles/solar_imu.dir/Core/Src/event_report.c.obj
                0x0800942c                Run_Event_Report
 .text.IMU_Drain_INT1_Latch
                0x080099e8       0xf4 CMakeFiles/solar_imu.dir/Core/Src/low_power.c.obj
                0x080099e8                IMU_Drain_INT1_Latch
 .text.Enter_Stop1_Mode
                0x08009adc      0x550 CMakeFiles/solar_imu.dir/Core/Src/low_power.c.obj
                0x08009adc                Enter_Stop1_Mode
 .text.atoi     0x0800a02c        0xc D:/STM32CubeIDE/STM32CubeCLT_1.18.0/GNU-tools-for-STM32/bin/../lib/gcc/arm-none-eabi/13.3.1/../../../../arm-none-eabi/lib/thumb/v6-m/nofp\libg_nano.a(libc_a-atoi.o)
                0x0800a02c                atoi
 .text._strtol_l.isra.0
                0x0800a038      0x114 D:/STM32CubeIDE/STM32CubeCLT_1.18.0/GNU-tools-for-STM32/bin/../lib/gcc/arm-none-eabi/13.3.1/../../../../arm-none-eabi/lib/thumb/v6-m/nofp\libg_nano.a(libc_a-strtol.o)
 .text.strtol   0x0800a14c       0x18 D:/STM32CubeIDE/STM32CubeCLT_1.18.0/GNU-tools-for-STM32/bin/../lib/gcc/arm-none-eabi/13.3.1/../../../../arm-none-eabi/lib/thumb/v6-m/nofp\libg_nano.a(libc_a-strtol.o)
                0x0800a14c                strtol
 .text.snprintf
                0x0800a164       0x6c D:/STM32CubeIDE/STM32CubeCLT_1.18.0/GNU-tools-for-STM32/bin/../lib/gcc/arm-none-eabi/13.3.1/../../../../arm-none-eabi/lib/thumb/v6-m/nofp\libg_nano.a(libc_a-snprintf.o)
                0x0800a164                sniprintf
                0x0800a164                snprintf
 .text.strchr   0x0800a1d0       0x1c D:/STM32CubeIDE/STM32CubeCLT_1.18.0/GNU-tools-for-STM32/bin/../lib/gcc/arm-none-eabi/13.3.1/../../../../arm-none-eabi/lib/thumb/v6-m/nofp\libg_nano.a(libc_a-strchr.o)
                0x0800a1d0                strchr
 .text.strstr   0x0800a1ec       0x2c D:/STM32CubeIDE/STM32CubeCLT_1.18.0/GNU-tools-for-STM32/bin/../lib/gcc/arm-none-eabi/13.3.1/../../../../arm-none-eabi/lib/thumb/v6-m/nofp\libg_nano.a(libc_a-strstr.o)
                0x0800a1ec                strstr
 .text.__errno  0x0800a218        0xc D:/STM32CubeIDE/STM32CubeCLT_1.18.0/GNU-tools-for-STM32/bin/../lib/gcc/arm-none-eabi/13.3.1/../../../../arm-none-eabi/lib/thumb/v6-m/nofp\libg_nano.a(libc_a-errno.o)
                0x0800a218                __errno
 .text.memchr   0x0800a224       0x16 D:/STM32CubeIDE/STM32CubeCLT_1.18.0/GNU-tools-for-STM32/bin/../lib/gcc/arm-none-eabi/13.3.1/../../../../arm-none-eabi/lib/thumb/v6-m/nofp\libg_nano.a(libc_a-memchr-stub.o)
                0x0800a224                memchr
 .text.memcpy   0x0800a23a       0x12 D:/STM32CubeIDE/STM32CubeCLT_1.18.0/GNU-tools-for-STM32/bin/../lib/gcc/arm-none-eabi/13.3.1/../../../../arm-none-eabi/lib/thumb/v6-m/nofp\libg_nano.a(libc_a-memcpy-stub.o)
                0x0800a23a                memcpy
 .text.__ssputs_r
                0x0800a24c       0xc0 D:/STM32CubeIDE/STM32CubeCLT_1.18.0/GNU-tools-for-STM32/bin/../lib/gcc/arm-none-eabi/13.3.1/../../../../arm-none-eabi/lib/thumb/v6-m/nofp\libg_nano.a(libc_a-nano-svfprintf.o)
                0x0800a24c                __ssputs_r
 .text._svfprintf_r
                0x0800a30c      0x1fc D:/STM32CubeIDE/STM32CubeCLT_1.18.0/GNU-tools-for-STM32/bin/../lib/gcc/arm-none-eabi/13.3.1/../../../../arm-none-eabi/lib/thumb/v6-m/nofp\libg_nano.a(libc_a-nano-svfprintf.o)
                0x0800a30c                _svfiprintf_r
                0x0800a30c                _svfprintf_r
 .text._printf_common
                0x0800a508       0xde D:/STM32CubeIDE/STM32CubeCLT_1.18.0/GNU-tools-for-STM32/bin/../lib/gcc/arm-none-eabi/13.3.1/../../../../arm-none-eabi/lib/thumb/v6-m/nofp\libg_nano.a(libc_a-nano-vfprintf_i.o)
                0x0800a508                _printf_common
 *fill*         0x0800a5e6        0x2 
 .text._printf_i
                0x0800a5e8      0x218 D:/STM32CubeIDE/STM32CubeCLT_1.18.0/GNU-tools-for-STM32/bin/../lib/gcc/arm-none-eabi/13.3.1/../../../../arm-none-eabi/lib/thumb/v6-m/nofp\libg_nano.a(libc_a-nano-vfprintf_i.o)
                0x0800a5e8                _printf_i
 .text.memmove  0x0800a800       0x24 D:/STM32CubeIDE/STM32CubeCLT_1.18.0/GNU-tools-for-STM32/bin/../lib/gcc/arm-none-eabi/13.3.1/../../../../arm-none-eabi/lib/thumb/v6-m/nofp\libg_nano.a(libc_a-memmove.o)
                0x0800a800                memmove
 .text._realloc_r
                0x0800a824       0x60 D:/STM32CubeIDE/STM32CubeCLT_1.18.0/GNU-tools-for-STM32/bin/../lib/gcc/arm-none-eabi/13.3.1/../../../../arm-none-eabi/lib/thumb/v6-m/nofp\libg_nano.a(libc_a-reallocr.o)
                0x0800a824                _realloc_r
 .text._malloc_usable_size_r
                0x0800a884       0x10 D:/STM32CubeIDE/STM32CubeCLT_1.18.0/GNU-tools-for-STM32/bin/../lib/gcc/arm-none-eabi/13.3.1/../../../../arm-none-eabi/lib/thumb/v6-m/nofp\libg_nano.a(libc_a-msizer.o)
                0x0800a884                _malloc_usable_size_r
 .text.acosf    0x0800a894       0x40 D:/STM32CubeIDE/STM32CubeCLT_1.18.0/GNU-tools-for-STM32/bin/../lib/gcc/arm-none-eabi/13.3.1/../../../../arm-none-eabi/lib/thumb/v6-m/nofp\libm.a(libm_a-wf_acos.o)
                0x0800a894                acosf
 .text.sqrtf    0x0800a8d4       0x38 D:/STM32CubeIDE/STM32CubeCLT_1.18.0/GNU-tools-for-STM32/bin/../lib/gcc/arm-none-eabi/13.3.1/../../../../arm-none-eabi/lib/thumb/v6-m/nofp\libm.a(libm_a-wf_sqrt.o)
                0x0800a8d4                sqrtf
 .text.fabsf    0x0800a90c        0x6 D:/STM32CubeIDE/STM32CubeCLT_1.18.0/GNU-tools-for-STM32/bin/../lib/gcc/arm-none-eabi/13.3.1/../../../../arm-none-eabi/lib/thumb/v6-m/nofp\libm.a(libm_a-sf_fabs.o)
                0x0800a90c                fabsf
 *fill*         0x0800a912        0x2 
 .text.nanf     0x0800a914        0x8 D:/STM32CubeIDE/STM32CubeCLT_1.18.0/GNU-tools-for-STM32/bin/../lib/gcc/arm-none-eabi/13.3.1/../../../../arm-none-eabi/lib/thumb/v6-m/nofp\libm.a(libm_a-sf_nan.o)
                0x0800a914                nanf
 .text.__ieee754_sqrtf
                0x0800a91c       0xe8 D:/STM32CubeIDE/STM32CubeCLT_1.18.0/GNU-tools-for-STM32/bin/../lib/gcc/arm-none-eabi/13.3.1/../../../../arm-none-eabi/lib/thumb/v6-m/nofp\libm.a(libm_a-ef_sqrt.o)
                0x0800a91c                __ieee754_sqrtf
 .text.__ieee754_acosf
                0x0800aa04      0x2c4 D:/STM32CubeIDE/STM32CubeCLT_1.18.0/GNU-tools-for-STM32/bin/../lib/gcc/arm-none-eabi/13.3.1/../../../../arm-none-eabi/lib/thumb/v6-m/nofp\libm.a(libm_a-ef_acos.o)
                0x0800aa04                __ieee754_acosf
 *(.glue_7)
 .glue_7        0x0800acc8        0x0 linker stubs
 *(.glue_7t)
 .glue_7t       0x0800acc8        0x0 linker stubs
 *(.eh_frame)
 .eh_frame      0x0800acc8        0x0 D:/STM32CubeIDE/STM32CubeCLT_1.18.0/GNU-tools-for-STM32/bin/../lib/gcc/arm-none-eabi/13.3.1/thumb/v6-m/nofp/crtbegin.o
 *(.init)
 .init          0x0800acc8        0x4 D:/STM32CubeIDE/STM32CubeCLT_1.18.0/GNU-tools-for-STM32/bin/../lib/gcc/arm-none-eabi/13.3.1/thumb/v6-m/nofp/crti.o
                0x0800acc8                _init
 .init          0x0800accc        0x8 D:/STM32CubeIDE/STM32CubeCLT_1.18.0/GNU-tools-for-STM32/bin/../lib/gcc/arm-none-eabi/13.3.1/thumb/v6-m/nofp/crtn.o
 *(.fini)
 .fini          0x0800acd4        0x4 D:/STM32CubeIDE/STM32CubeCLT_1.18.0/GNU-tools-for-STM32/bin/../lib/gcc/arm-none-eabi/13.3.1/thumb/v6-m/nofp/crti.o
                0x0800acd4                _fini
 .fini          0x0800acd8        0x8 D:/STM32CubeIDE/STM32CubeCLT_1.18.0/GNU-tools-for-STM32/bin/../lib/gcc/arm-none-eabi/13.3.1/thumb/v6-m/nofp/crtn.o
 .fini.__stub   0x0800ace0       0x10 linker stubs
                0x0800acf0                        . = ALIGN (0x4)
                0x0800acf0                        _etext = .

.vfp11_veneer   0x0800acf0        0x0
 .vfp11_veneer  0x0800acf0        0x0 linker stubs

.v4_bx          0x0800acf0        0x0
 .v4_bx         0x0800acf0        0x0 linker stubs

.iplt           0x0800acf0        0x0
 .iplt          0x0800acf0        0x0 D:/STM32CubeIDE/STM32CubeCLT_1.18.0/GNU-tools-for-STM32/bin/../lib/gcc/arm-none-eabi/13.3.1/thumb/v6-m/nofp/crtbegin.o

.rodata         0x0800acf0      0x5d4
                0x0800acf0                        . = ALIGN (0x4)
 *(.rodata)
 .rodata        0x0800acf0       0x7c D:/STM32CubeIDE/STM32CubeCLT_1.18.0/GNU-tools-for-STM32/bin/../lib/gcc/arm-none-eabi/13.3.1/thumb/v6-m/nofp\libgcc.a(divsf3.o)
 *(.rodata*)
 .rodata.APBPrescTable
                0x0800ad6c       0x20 cmake/stm32cubemx/CMakeFiles/STM32_Drivers.dir/__/__/Core/Src/system_stm32g0xx.c.obj
                0x0800ad6c                APBPrescTable
 .rodata.AHBPrescTable
                0x0800ad8c       0x40 cmake/stm32cubemx/CMakeFiles/STM32_Drivers.dir/__/__/Core/Src/system_stm32g0xx.c.obj
                0x0800ad8c                AHBPrescTable
 .rodata.UARTPrescTable
                0x0800adcc       0x18 cmake/stm32cubemx/CMakeFiles/STM32_Drivers.dir/__/__/Drivers/STM32G0xx_HAL_Driver/Src/stm32g0xx_hal_uart.c.obj
                0x0800adcc                UARTPrescTable
 .rodata.denominator.0
                0x0800ade4        0x8 cmake/stm32cubemx/CMakeFiles/STM32_Drivers.dir/__/__/Drivers/STM32G0xx_HAL_Driver/Src/stm32g0xx_hal_uart_ex.c.obj
 .rodata.numerator.1
                0x0800adec        0x8 cmake/stm32cubemx/CMakeFiles/STM32_Drivers.dir/__/__/Drivers/STM32G0xx_HAL_Driver/Src/stm32g0xx_hal_uart_ex.c.obj
 .rodata.ML307C_Get_IMEI_Str.str1.1
                0x0800adf4      0x3b1 CMakeFiles/solar_imu.dir/Core/Src/at_ml307c.c.obj
                                 0x10 (size before relaxing)
 .rodata.ML307C_Send_CMD.str1.1
                0x0800b1a5        0x6 CMakeFiles/solar_imu.dir/Core/Src/at_ml307c.c.obj
 .rodata.ML307C_Get_IMEI.str1.1
                0x0800b1a5       0x15 CMakeFiles/solar_imu.dir/Core/Src/at_ml307c.c.obj
 .rodata.ML307C_Network_Init.str1.1
                0x0800b1a5       0x3f CMakeFiles/solar_imu.dir/Core/Src/at_ml307c.c.obj
 .rodata.ML307C_Wait_Network.str1.1
                0x0800b1a5       0x12 CMakeFiles/solar_imu.dir/Core/Src/at_ml307c.c.obj
 .rodata.ML307C_MQTT_Connect.str1.1
                0x0800b1a5       0x72 CMakeFiles/solar_imu.dir/Core/Src/at_ml307c.c.obj
 .rodata.ML307C_MQTT_PublishEx.str1.1
                0x0800b1a5       0x34 CMakeFiles/solar_imu.dir/Core/Src/at_ml307c.c.obj
 .rodata.ML307C_Poll_MATREADY.str1.1
                0x0800b1a5        0xa CMakeFiles/solar_imu.dir/Core/Src/at_ml307c.c.obj
 .rodata.Turn_Off_ML307C.str1.1
                0x0800b1a5        0xc CMakeFiles/solar_imu.dir/Core/Src/at_ml307c.c.obj
 .rodata.ML307C_GPS_Start.str1.1
                0x0800b1a5        0xd CMakeFiles/solar_imu.dir/Core/Src/at_ml307c.c.obj
 .rodata.ML307C_GPS_Parse.str1.1
                0x0800b1a5        0xa CMakeFiles/solar_imu.dir/Core/Src/at_ml307c.c.obj
 .rodata.ML307C_Get_LBS_Info.str1.1
                0x0800b1a5       0x41 CMakeFiles/solar_imu.dir/Core/Src/at_ml307c.c.obj
 .rodata.ML307C_Send_EventReport.str1.1
                0x0800b1a5      0x10c CMakeFiles/solar_imu.dir/Core/Src/at_ml307c.c.obj
 .rodata.ML307C_Sync_RTC.str1.1
                0x0800b1a5       0x10 CMakeFiles/solar_imu.dir/Core/Src/at_ml307c.c.obj
 .rodata.addresses.0
                0x0800b1a5        0x8 CMakeFiles/solar_imu.dir/Core/Src/lsm6ds.c.obj
 .rodata.Parse_Json_Int.str1.1
                0x0800b1ad        0x5 CMakeFiles/solar_imu.dir/Core/Src/sys_config.c.obj
 .rodata.Check_MQTT_Downlink.str1.1
                0x0800b1ad       0x91 CMakeFiles/solar_imu.dir/Core/Src/sys_config.c.obj
 .rodata.month_days.0
                0x0800b1ad        0xc CMakeFiles/solar_imu.dir/Core/Src/rtc_utils.c.obj
 .rodata.Capture_Event_And_Start_Modem.str1.1
                0x0800b1b9        0x6 CMakeFiles/solar_imu.dir/Core/Src/event_report.c.obj
 .rodata.Run_Event_Report.str1.1
                0x0800b1b9       0x4b CMakeFiles/solar_imu.dir/Core/Src/event_report.c.obj
 .rodata._ctype_
                0x0800b1b9      0x101 D:/STM32CubeIDE/STM32CubeCLT_1.18.0/GNU-tools-for-STM32/bin/../lib/gcc/arm-none-eabi/13.3.1/../../../../arm-none-eabi/lib/thumb/v6-m/nofp\libg_nano.a(libc_a-ctype_.o)
                0x0800b1b9                _ctype_
 .rodata._svfprintf_r.str1.1
                0x0800b2ba       0x11 D:/STM32CubeIDE/STM32CubeCLT_1.18.0/GNU-tools-for-STM32/bin/../lib/gcc/arm-none-eabi/13.3.1/../../../../arm-none-eabi/lib/thumb/v6-m/nofp\libg_nano.a(libc_a-nano-svfprintf.o)
 .rodata._printf_i.str1.1
                0x0800b2ba       0x22 D:/STM32CubeIDE/STM32CubeCLT_1.18.0/GNU-tools-for-STM32/bin/../lib/gcc/arm-none-eabi/13.3.1/../../../../arm-none-eabi/lib/thumb/v6-m/nofp\libg_nano.a(libc_a-nano-vfprintf_i.o)
 .rodata.acosf.str1.1
                0x0800b2ba        0x1 D:/STM32CubeIDE/STM32CubeCLT_1.18.0/GNU-tools-for-STM32/bin/../lib/gcc/arm-none-eabi/13.3.1/../../../../arm-none-eabi/lib/thumb/v6-m/nofp\libm.a(libm_a-wf_acos.o)
 *fill*         0x0800b2ba        0x2 
 .rodata.tiny   0x0800b2bc        0x4 D:/STM32CubeIDE/STM32CubeCLT_1.18.0/GNU-tools-for-STM32/bin/../lib/gcc/arm-none-eabi/13.3.1/../../../../arm-none-eabi/lib/thumb/v6-m/nofp\libm.a(libm_a-ef_sqrt.o)
 .rodata.one    0x0800b2c0        0x4 D:/STM32CubeIDE/STM32CubeCLT_1.18.0/GNU-tools-for-STM32/bin/../lib/gcc/arm-none-eabi/13.3.1/../../../../arm-none-eabi/lib/thumb/v6-m/nofp\libm.a(libm_a-ef_sqrt.o)
                0x0800b2c4                        . = ALIGN (0x4)

.ARM.extab      0x0800b2c4        0x0
                0x0800b2c4                        . = ALIGN (0x4)
 *(.ARM.extab* .gnu.linkonce.armextab.*)
                0x0800b2c4                        . = ALIGN (0x4)

.ARM            0x0800b2c4        0x8
                0x0800b2c4                        . = ALIGN (0x4)
                0x0800b2c4                        __exidx_start = .
 *(.ARM.exidx*)
 .ARM.exidx     0x0800b2c4        0x8 D:/STM32CubeIDE/STM32CubeCLT_1.18.0/GNU-tools-for-STM32/bin/../lib/gcc/arm-none-eabi/13.3.1/thumb/v6-m/nofp\libgcc.a(_udivmoddi4.o)
                0x0800b2cc                        __exidx_end = .
                0x0800b2cc                        . = ALIGN (0x4)

.preinit_array  0x0800b2cc        0x0
                0x0800b2cc                        . = ALIGN (0x4)
                0x0800b2cc                        PROVIDE (__preinit_array_start = .)
 *(.preinit_array*)
                0x0800b2cc                        PROVIDE (__preinit_array_end = .)
                0x0800b2cc                        . = ALIGN (0x4)

.init_array     0x0800b2cc        0x4
                0x0800b2cc                        . = ALIGN (0x4)
                0x0800b2cc                        PROVIDE (__init_array_start = .)
 *(SORT_BY_NAME(.init_array.*))
 *(.init_array*)
 .init_array    0x0800b2cc        0x4 D:/STM32CubeIDE/STM32CubeCLT_1.18.0/GNU-tools-for-STM32/bin/../lib/gcc/arm-none-eabi/13.3.1/thumb/v6-m/nofp/crtbegin.o
                0x0800b2d0                        PROVIDE (__init_array_end = .)
                0x0800b2d0                        . = ALIGN (0x4)

.fini_array     0x0800b2d0        0x4
                0x0800b2d0                        . = ALIGN (0x4)
                [!provide]                        PROVIDE (__fini_array_start = .)
 *(SORT_BY_NAME(.fini_array.*))
 *(.fini_array*)
 .fini_array    0x0800b2d0        0x4 D:/STM32CubeIDE/STM32CubeCLT_1.18.0/GNU-tools-for-STM32/bin/../lib/gcc/arm-none-eabi/13.3.1/thumb/v6-m/nofp/crtbegin.o
                [!provide]                        PROVIDE (__fini_array_end = .)
                0x0800b2d4                        . = ALIGN (0x4)
                0x0800b2d4                        _sidata = LOADADDR (.data)

.rel.dyn        0x0800b2d4        0x0
 .rel.iplt      0x0800b2d4        0x0 D:/STM32CubeIDE/STM32CubeCLT_1.18.0/GNU-tools-for-STM32/bin/../lib/gcc/arm-none-eabi/13.3.1/thumb/v6-m/nofp/crtbegin.o

.data           0x20000000       0xa0 load address 0x0800b2d4
                0x20000000                        . = ALIGN (0x4)
                0x20000000                        _sdata = .
 *(.data)
 *(.data*)
 .data._impure_ptr
                0x20000000        0x4 D:/STM32CubeIDE/STM32CubeCLT_1.18.0/GNU-tools-for-STM32/bin/../lib/gcc/arm-none-eabi/13.3.1/../../../../arm-none-eabi/lib/thumb/v6-m/nofp\libc_nano.a(libc_a-impure.o)
                0x20000000                _impure_ptr
 .data._impure_data
                0x20000004       0x4c D:/STM32CubeIDE/STM32CubeCLT_1.18.0/GNU-tools-for-STM32/bin/../lib/gcc/arm-none-eabi/13.3.1/../../../../arm-none-eabi/lib/thumb/v6-m/nofp\libc_nano.a(libc_a-impure.o)
                0x20000004                _impure_data
 .data.SystemCoreClock
                0x20000050        0x4 cmake/stm32cubemx/CMakeFiles/STM32_Drivers.dir/__/__/Core/Src/system_stm32g0xx.c.obj
                0x20000050                SystemCoreClock
 .data.uwTickFreq
                0x20000054        0x1 cmake/stm32cubemx/CMakeFiles/STM32_Drivers.dir/__/__/Drivers/STM32G0xx_HAL_Driver/Src/stm32g0xx_hal.c.obj
                0x20000054                uwTickFreq
 *fill*         0x20000055        0x3 
 .data.uwTickPrio
                0x20000058        0x4 cmake/stm32cubemx/CMakeFiles/STM32_Drivers.dir/__/__/Drivers/STM32G0xx_HAL_Driver/Src/stm32g0xx_hal.c.obj
                0x20000058                uwTickPrio
 .data.g_last_report_csq
                0x2000005c        0x1 CMakeFiles/solar_imu.dir/Core/Src/event_report.c.obj
                0x2000005c                g_last_report_csq
 *fill*         0x2000005d        0x3 
 .data.g_volatile_event_seq
                0x20000060        0x4 CMakeFiles/solar_imu.dir/Core/Src/event_report.c.obj
                0x20000060                g_volatile_event_seq
 .data.g_rtc_timer_active
                0x20000064        0x1 CMakeFiles/solar_imu.dir/Core/Src/low_power.c.obj
                0x20000064                g_rtc_timer_active
 *(.RamFunc)
 *fill*         0x20000065        0x3 
 .RamFunc       0x20000068       0x38 cmake/stm32cubemx/CMakeFiles/STM32_Drivers.dir/__/__/Drivers/STM32G0xx_HAL_Driver/Src/stm32g0xx_hal_flash.c.obj
 *(.RamFunc*)
                0x200000a0                        . = ALIGN (0x4)
                0x200000a0                        _edata = .

.igot.plt       0x200000a0        0x0 load address 0x0800b374
 .igot.plt      0x200000a0        0x0 D:/STM32CubeIDE/STM32CubeCLT_1.18.0/GNU-tools-for-STM32/bin/../lib/gcc/arm-none-eabi/13.3.1/thumb/v6-m/nofp/crtbegin.o
                0x200000a0                        . = ALIGN (0x4)

.bss            0x200000a0     0x141c load address 0x0800b374
                0x200000a0                        _sbss = .
                0x200000a0                        __bss_start__ = _sbss
 *(.bss)
 .bss           0x200000a0       0x1c D:/STM32CubeIDE/STM32CubeCLT_1.18.0/GNU-tools-for-STM32/bin/../lib/gcc/arm-none-eabi/13.3.1/thumb/v6-m/nofp/crtbegin.o
 *(.bss*)
 .bss.__sf      0x200000bc      0x138 D:/STM32CubeIDE/STM32CubeCLT_1.18.0/GNU-tools-for-STM32/bin/../lib/gcc/arm-none-eabi/13.3.1/../../../../arm-none-eabi/lib/thumb/v6-m/nofp\libc_nano.a(libc_a-findfp.o)
                0x200000bc                __sf
 .bss.errno     0x200001f4        0x4 D:/STM32CubeIDE/STM32CubeCLT_1.18.0/GNU-tools-for-STM32/bin/../lib/gcc/arm-none-eabi/13.3.1/../../../../arm-none-eabi/lib/thumb/v6-m/nofp\libc_nano.a(libc_a-reent.o)
                0x200001f4                errno
 .bss.__lock___malloc_recursive_mutex
                0x200001f8        0x1 D:/STM32CubeIDE/STM32CubeCLT_1.18.0/GNU-tools-for-STM32/bin/../lib/gcc/arm-none-eabi/13.3.1/../../../../arm-none-eabi/lib/thumb/v6-m/nofp\libc_nano.a(libc_a-lock.o)
                0x200001f8                __lock___malloc_recursive_mutex
 *fill*         0x200001f9        0x3 
 .bss.__malloc_sbrk_start
                0x200001fc        0x4 D:/STM32CubeIDE/STM32CubeCLT_1.18.0/GNU-tools-for-STM32/bin/../lib/gcc/arm-none-eabi/13.3.1/../../../../arm-none-eabi/lib/thumb/v6-m/nofp\libc_nano.a(libc_a-mallocr.o)
                0x200001fc                __malloc_sbrk_start
 .bss.__malloc_free_list
                0x20000200        0x4 D:/STM32CubeIDE/STM32CubeCLT_1.18.0/GNU-tools-for-STM32/bin/../lib/gcc/arm-none-eabi/13.3.1/../../../../arm-none-eabi/lib/thumb/v6-m/nofp\libc_nano.a(libc_a-mallocr.o)
                0x20000200                __malloc_free_list
 .bss.pFlash    0x20000204       0x1c cmake/stm32cubemx/CMakeFiles/STM32_Drivers.dir/__/__/Drivers/STM32G0xx_HAL_Driver/Src/stm32g0xx_hal_flash.c.obj
                0x20000204                pFlash
 .bss.uwTick    0x20000220        0x4 cmake/stm32cubemx/CMakeFiles/STM32_Drivers.dir/__/__/Drivers/STM32G0xx_HAL_Driver/Src/stm32g0xx_hal.c.obj
                0x20000220                uwTick
 .bss.g_reset_reason
                0x20000224        0x1 CMakeFiles/solar_imu.dir/Core/Src/main.c.obj
                0x20000224                g_reset_reason
 .bss.g_imu_ok  0x20000225        0x1 CMakeFiles/solar_imu.dir/Core/Src/main.c.obj
                0x20000225                g_imu_ok
 .bss.g_iwdg_runs_in_stop
                0x20000226        0x1 CMakeFiles/solar_imu.dir/Core/Src/main.c.obj
                0x20000226                g_iwdg_runs_in_stop
 .bss.g_report_source_fallback
                0x20000227        0x1 CMakeFiles/solar_imu.dir/Core/Src/main.c.obj
                0x20000227                g_report_source_fallback
 .bss.g_report_rtc
                0x20000228        0x1 CMakeFiles/solar_imu.dir/Core/Src/main.c.obj
                0x20000228                g_report_rtc
 .bss.g_report_6d
                0x20000229        0x1 CMakeFiles/solar_imu.dir/Core/Src/main.c.obj
                0x20000229                g_report_6d
 .bss.g_report_wu
                0x2000022a        0x1 CMakeFiles/solar_imu.dir/Core/Src/main.c.obj
                0x2000022a                g_report_wu
 *fill*         0x2000022b        0x1 
 .bss.g_rtc_callback_count
                0x2000022c        0x2 CMakeFiles/solar_imu.dir/Core/Src/main.c.obj
                0x2000022c                g_rtc_callback_count
 .bss.g_imu_exti_wake_count
                0x2000022e        0x2 CMakeFiles/solar_imu.dir/Core/Src/main.c.obj
                0x2000022e                g_imu_exti_wake_count
 .bss.g_imu_exti_wakeup_flag
                0x20000230        0x1 CMakeFiles/solar_imu.dir/Core/Src/main.c.obj
                0x20000230                g_imu_exti_wakeup_flag
 .bss.g_rtc_wakeup_flag
                0x20000231        0x1 CMakeFiles/solar_imu.dir/Core/Src/main.c.obj
                0x20000231                g_rtc_wakeup_flag
 .bss.g_uart1_rearm_needed
                0x20000232        0x1 CMakeFiles/solar_imu.dir/Core/Src/main.c.obj
                0x20000232                g_uart1_rearm_needed
 .bss.g_uart2_rearm_needed
                0x20000233        0x1 CMakeFiles/solar_imu.dir/Core/Src/main.c.obj
                0x20000233                g_uart2_rearm_needed
 .bss.g_uart2_activity_flag
                0x20000234        0x1 CMakeFiles/solar_imu.dir/Core/Src/main.c.obj
                0x20000234                g_uart2_activity_flag
 .bss.g_uart2_wakeup_flag
                0x20000235        0x1 CMakeFiles/solar_imu.dir/Core/Src/main.c.obj
                0x20000235                g_uart2_wakeup_flag
 .bss.g_pending_cmd
                0x20000236        0x1 CMakeFiles/solar_imu.dir/Core/Src/main.c.obj
                0x20000236                g_pending_cmd
 *fill*         0x20000237        0x1 
 .bss.hadc1     0x20000238       0x64 CMakeFiles/solar_imu.dir/Core/Src/adc.c.obj
                0x20000238                hadc1
 .bss.hi2c2     0x2000029c       0x54 CMakeFiles/solar_imu.dir/Core/Src/i2c.c.obj
                0x2000029c                hi2c2
 .bss.hiwdg     0x200002f0       0x10 CMakeFiles/solar_imu.dir/Core/Src/iwdg.c.obj
                0x200002f0                hiwdg
 .bss.hrtc      0x20000300       0x2c CMakeFiles/solar_imu.dir/Core/Src/rtc.c.obj
                0x20000300                hrtc
 .bss.hdma_usart1_tx
                0x2000032c       0x5c CMakeFiles/solar_imu.dir/Core/Src/usart.c.obj
                0x2000032c                hdma_usart1_tx
 .bss.hdma_usart1_rx
                0x20000388       0x5c CMakeFiles/solar_imu.dir/Core/Src/usart.c.obj
                0x20000388                hdma_usart1_rx
 .bss.huart2    0x200003e4       0x94 CMakeFiles/solar_imu.dir/Core/Src/usart.c.obj
                0x200003e4                huart2
 .bss.huart1    0x20000478       0x94 CMakeFiles/solar_imu.dir/Core/Src/usart.c.obj
                0x20000478                huart1
 .bss.__sbrk_heap_end
                0x2000050c        0x4 CMakeFiles/solar_imu.dir/Core/Src/sysmem.c.obj
 .bss.s_imei    0x20000510       0x20 CMakeFiles/solar_imu.dir/Core/Src/at_ml307c.c.obj
 .bss.s_at_tx_buf
                0x20000530      0x200 CMakeFiles/solar_imu.dir/Core/Src/at_ml307c.c.obj
 .bss.s_rx_buf_len
                0x20000730        0x2 CMakeFiles/solar_imu.dir/Core/Src/at_ml307c.c.obj
 .bss.s_uart_rx_buf
                0x20000732      0x200 CMakeFiles/solar_imu.dir/Core/Src/at_ml307c.c.obj
 .bss.s_sleep_mode_ready
                0x20000932        0x1 CMakeFiles/solar_imu.dir/Core/Src/lsm6ds.c.obj
 *fill*         0x20000933        0x1 
 .bss.imu_ctx   0x20000934       0x14 CMakeFiles/solar_imu.dir/Core/Src/lsm6ds.c.obj
 .bss.g_uart2_drv
                0x20000948       0x24 CMakeFiles/solar_imu.dir/Core/Src/uart_driver.c.obj
                0x20000948                g_uart2_drv
 .bss.g_uart1_drv
                0x2000096c       0x24 CMakeFiles/solar_imu.dir/Core/Src/uart_driver.c.obj